Component: ARM Compiler 5.06 update 7 (build 960) Tool: armlink [4d3601]

==============================================================================

Section Cross References

    main.o(.text) refers to main_task.o(.text) for MainTask_Init
    main.o(.text) refers to tasks.o(.text) for vTaskStartScheduler
    main.o(.text) refers to system_stm32f10x.o(.data) for SystemCoreClock
    stm32f10x_it.o(.text) refers to queue.o(.text) for xQueueGenericSendFromISR
    stm32f10x_it.o(.text) refers to stm32f10x_tim.o(.text) for TIM_ITConfig
    stm32f10x_it.o(.text) refers to dflt_clz.o(x$fpl$dfltu) for __aeabi_ui2d
    stm32f10x_it.o(.text) refers to dleqf.o(x$fpl$dleqf) for __aeabi_cdcmple
    stm32f10x_it.o(.text) refers to stm32f10x_usart.o(.text) for USART_ClearITPendingBit
    stm32f10x_it.o(.text) refers to tasks.o(.text) for xTaskGetTickCountFromISR
    stm32f10x_it.o(.text) refers to timers.o(.text) for xTimerGenericCommand
    stm32f10x_it.o(.text) refers to stm32f10x_rtc.o(.text) for RTC_GetITStatus
    stm32f10x_it.o(.text) refers to lightdmx.o(.bss) for lightDMX_data
    stm32f10x_it.o(.text) refers to stm32f10x_it.o(.data) for byte_count
    stm32f10x_it.o(.text) refers to stm32f10x_it.o(.constdata) for .constdata
    stm32f10x_it.o(.text) refers to main_task.o(.data) for xDMX_Queue
    stm32f10x_it.o(.data) refers to stm32f10x_it.o(.text) for DMX_WaitBreakTime
    rtc_bkp.o(.text) refers to stm32f10x_rcc.o(.text) for RCC_APB1PeriphClockCmd
    rtc_bkp.o(.text) refers to stm32f10x_pwr.o(.text) for PWR_BackupAccessCmd
    rtc_bkp.o(.text) refers to misc.o(.text) for NVIC_PriorityGroupConfig
    rtc_bkp.o(.text) refers to stm32f10x_bkp.o(.text) for BKP_WriteBackupRegister
    rtc_bkp.o(.text) refers to rtc_bkp.o(.data) for BKPDataReg
    24c02.o(.text) refers to stm32f10x_rcc.o(.text) for RCC_APB1PeriphClockCmd
    24c02.o(.text) refers to stm32f10x_gpio.o(.text) for GPIO_Init
    24c02.o(.text) refers to stm32f10x_i2c.o(.text) for I2C_DeInit
    24c02.o(.text) refers to serial_tracer.o(.text) for printf2
    24c02.o(.text) refers to memcmp.o(.text) for memcmp
    24c02.o(.text) refers to 24c02.o(.data) for Addr
    24c02.o(.text) refers to 24c02.o(.bss) for WriteBuffer
    lightdmx.o(.text) refers to irda.o(.text) for IRDA_Init
    lightdmx.o(.text) refers to fflt_clz.o(x$fpl$ffltu) for __aeabi_ui2f
    lightdmx.o(.text) refers to fdiv.o(x$fpl$fdiv) for __aeabi_fdiv
    lightdmx.o(.text) refers to fmul.o(x$fpl$fmul) for __aeabi_fmul
    lightdmx.o(.text) refers to ffix.o(x$fpl$ffix) for __aeabi_f2iz
    lightdmx.o(.text) refers to rt_memcpy_w.o(.text) for __aeabi_memcpy4
    lightdmx.o(.text) refers to tasks.o(.text) for vTaskDelay
    lightdmx.o(.text) refers to serial_tracer.o(.text) for printf2
    lightdmx.o(.text) refers to queue.o(.text) for xQueueGenericReceive
    lightdmx.o(.text) refers to lightdmx.o(.bss) for lightDMX_data
    lightdmx.o(.text) refers to lightdmx.o(.data) for I2C_ReadFn
    lightdmx.o(.text) refers to lightdmx.o(.constdata) for .constdata
    lightdmx.o(.text) refers to main_task.o(.data) for xDMX_Queue
    pwm.o(.text) refers to stm32f10x_tim.o(.text) for TIM_TimeBaseInit
    pwm.o(.text) refers to stm32f10x_rcc.o(.text) for RCC_APB2PeriphClockCmd
    pwm.o(.text) refers to stm32f10x_gpio.o(.text) for GPIO_Init
    pwm.o(.text) refers to system_stm32f10x.o(.data) for SystemCoreClock
    dmx512_rec.o(.text) refers to misc.o(.text) for NVIC_PriorityGroupConfig
    dmx512_rec.o(.text) refers to stm32f10x_usart.o(.text) for USART_ITConfig
    dmx512_rec.o(.text) refers to stm32f10x_tim.o(.text) for TIM_ITConfig
    dmx512_rec.o(.text) refers to dflt_clz.o(x$fpl$dfltu) for __aeabi_ui2d
    dmx512_rec.o(.text) refers to ddiv.o(x$fpl$ddiv) for __aeabi_ddiv
    dmx512_rec.o(.text) refers to daddsub_clz.o(x$fpl$dsub) for __aeabi_dsub
    dmx512_rec.o(.text) refers to dfixu.o(x$fpl$dfixu) for __aeabi_d2uiz
    dmx512_rec.o(.text) refers to stm32f10x_rcc.o(.text) for RCC_APB2PeriphClockCmd
    dmx512_rec.o(.text) refers to stm32f10x_gpio.o(.text) for GPIO_Init
    dmx512_rec.o(.text) refers to dmx512_rec.o(.bss) for dmx512_config
    dmx512_rec.o(.text) refers to system_stm32f10x.o(.data) for SystemCoreClock
    serial_tracer.o(.text) refers to stm32f10x_rcc.o(.text) for RCC_APB2PeriphClockCmd
    serial_tracer.o(.text) refers to stm32f10x_gpio.o(.text) for GPIO_Init
    serial_tracer.o(.text) refers to stm32f10x_usart.o(.text) for USART_Init
    serial_tracer.o(.text) refers to c89vsprintf.o(.text) for __c89vsprintf
    irda.o(.text) refers to stm32f10x_usart.o(.text) for USART_ITConfig
    irda.o(.text) refers to stm32f10x_rcc.o(.text) for RCC_APB2PeriphClockCmd
    irda.o(.text) refers to stm32f10x_gpio.o(.text) for GPIO_Init
    irda.o(.text) refers to misc.o(.text) for NVIC_Init
    irda.o(.text) refers to c89vsprintf.o(.text) for __c89vsprintf
    event_groups.o(.text) refers to heap_4.o(.text) for pvPortMalloc
[...]
    _printf_wc                                - Undefined Weak Reference
    _rand_init                                - Undefined Weak Reference
    _signal_finish                            - Undefined Weak Reference
    _signal_init                              - Undefined Weak Reference
    _terminate_alloc                          - Undefined Weak Reference
    _terminate_user_alloc                     - Undefined Weak Reference
    _terminateio                              - Undefined Weak Reference
    __Vectors_Size                           0x000000ec   Number         0  startup_stm32f10x_md.o ABSOLUTE
    __Vectors                                0x08000000   Data           4  startup_stm32f10x_md.o(RESET)
    __Vectors_End                            0x080000ec   Data           0  startup_stm32f10x_md.o(RESET)
    __main                                   0x080000ed   Thumb Code     8  __main.o(!!!main)
    __scatterload                            0x080000f5   Thumb Code     0  __scatter.o(!!!scatter)
    __scatterload_rt2                        0x080000f5   Thumb Code    44  __scatter.o(!!!scatter)
    __scatterload_rt2_thumb_only             0x080000f5   Thumb Code     0  __scatter.o(!!!scatter)
    __scatterload_null                       0x08000103   Thumb Code     0  __scatter.o(!!!scatter)
    __scatterload_copy                       0x08000129   Thumb Code    26  __scatter_copy.o(!!handler_copy)
    __scatterload_zeroinit                   0x08000145   Thumb Code    28  __scatter_zi.o(!!handler_zi)
    _printf_n                                0x08000161   Thumb Code     0  _printf_n.o(.ARM.Collect$$_printf_percent$$00000001)
    _printf_percent                          0x08000161   Thumb Code     0  _printf_percent.o(.ARM.Collect$$_printf_percent$$00000000)
    _printf_p                                0x08000167   Thumb Code     0  _printf_p.o(.ARM.Collect$$_printf_percent$$00000002)
    _printf_f                                0x0800016d   Thumb Code     0  _printf_f.o(.ARM.Collect$$_printf_percent$$00000003)
    _printf_e                                0x08000173   Thumb Code     0  _printf_e.o(.ARM.Collect$$_printf_percent$$00000004)
    _printf_g                                0x08000179   Thumb Code     0  _printf_g.o(.ARM.Collect$$_printf_percent$$00000005)
    _printf_a                                0x0800017f   Thumb Code     0  _printf_a.o(.ARM.Collect$$_printf_percent$$00000006)
    _printf_ll                               0x08000185   Thumb Code     0  _printf_ll.o(.ARM.Collect$$_printf_percent$$00000007)
    _printf_i                                0x0800018f   Thumb Code     0  _printf_i.o(.ARM.Collect$$_printf_percent$$00000008)
    _printf_d                                0x08000195   Thumb Code     0  _printf_d.o(.ARM.Collect$$_printf_percent$$00000009)
    _printf_u                                0x0800019b   Thumb Code     0  _printf_u.o(.ARM.Collect$$_printf_percent$$0000000A)
    _printf_o                                0x080001a1   Thumb Code     0  _printf_o.o(.ARM.Collect$$_printf_percent$$0000000B)
    _printf_x                                0x080001a7   Thumb Code     0  _printf_x.o(.ARM.Collect$$_printf_percent$$0000000C)
    _printf_lli                              0x080001ad   Thumb Code     0  _printf_lli.o(.ARM.Collect$$_printf_percent$$0000000D)
    _printf_lld                              0x080001b3   Thumb Code     0  _printf_lld.o(.ARM.Collect$$_printf_percent$$0000000E)
    _printf_llu                              0x080001b9   Thumb Code     0  _printf_llu.o(.ARM.Collect$$_printf_percent$$0000000F)
    _printf_llo                              0x080001bf   Thumb Code     0  _printf_llo.o(.ARM.Collect$$_printf_percent$$00000010)
    _printf_llx                              0x080001c5   Thumb Code     0  _printf_llx.o(.ARM.Collect$$_printf_percent$$00000011)
    _printf_l                                0x080001cb   Thumb Code     0  _printf_l.o(.ARM.Collect$$_printf_percent$$00000012)
    _printf_c                                0x080001d5   Thumb Code     0  _printf_c.o(.ARM.Collect$$_printf_percent$$00000013)
    _printf_s                                0x080001db   Thumb Code     0  _printf_s.o(.ARM.Collect$$_printf_percent$$00000014)
    _printf_lc                               0x080001e1   Thumb Code     0  _printf_lc.o(.ARM.Collect$$_printf_percent$$00000015)
    _printf_ls                               0x080001e7   Thumb Code     0  _printf_ls.o(.ARM.Collect$$_printf_percent$$00000016)
    _printf_percent_end                      0x080001ed   Thumb Code     0  _printf_percent_end.o(.ARM.Collect$$_printf_percent$$00000017)
    __rt_lib_init                            0x080001f1   Thumb Code     0  libinit.o(.ARM.Collect$$libinit$$00000000)
    __rt_lib_init_fp_1                       0x080001f3   Thumb Code     0  libinit2.o(.ARM.Collect$$libinit$$00000002)
    __rt_lib_init_heap_1                     0x080001f3   Thumb Code     0  libinit2.o(.ARM.Collect$$libinit$$0000000A)
    __rt_lib_init_lc_common                  0x080001f3   Thumb Code     0  libinit2.o(.ARM.Collect$$libinit$$0000000F)
    __rt_lib_init_preinit_1                  0x080001f3   Thumb Code     0  libinit2.o(.ARM.Collect$$libinit$$00000004)
    __rt_lib_init_rand_1                     0x080001f3   Thumb Code     0  libinit2.o(.ARM.Collect$$libinit$$0000000E)
    __rt_lib_init_user_alloc_1               0x080001f3   Thumb Code     0  libinit2.o(.ARM.Collect$$libinit$$0000000C)
    __rt_lib_init_lc_collate_1               0x080001f9   Thumb Code     0  libinit2.o(.ARM.Collect$$libinit$$00000011)
    __rt_lib_init_lc_ctype_2                 0x080001f9   Thumb Code     0  libinit2.o(.ARM.Collect$$libinit$$00000012)
    __rt_lib_init_lc_ctype_1                 0x08000205   Thumb Code     0  libinit2.o(.ARM.Collect$$libinit$$00000013)
    __rt_lib_init_lc_monetary_1              0x08000205   Thumb Code     0  libinit2.o(.ARM.Collect$$libinit$$00000015)
    __rt_lib_init_lc_numeric_2               0x08000205   Thumb Code     0  libinit2.o(.ARM.Collect$$libinit$$00000016)
    __rt_lib_init_alloca_1                   0x0800020f   Thumb Code     0  libinit2.o(.ARM.Collect$$libinit$$0000002E)
    __rt_lib_init_argv_1                     0x0800020f   Thumb Code     0  libinit2.o(.ARM.Collect$$libinit$$0000002C)
    __rt_lib_init_atexit_1                   0x0800020f   Thumb Code     0  libinit2.o(.ARM.Collect$$libinit$$0000001B)
    __rt_lib_init_clock_1                    0x0800020f   Thumb Code     0  libinit2.o(.ARM.Collect$$libinit$$00000021)
    __rt_lib_init_cpp_1                      0x0800020f   Thumb Code     0  libinit2.o(.ARM.Collect$$libinit$$00000032)
    __rt_lib_init_exceptions_1               0x0800020f   Thumb Code     0  libinit2.o(.ARM.Collect$$libinit$$00000030)
    __rt_lib_init_fp_trap_1                  0x0800020f   Thumb Code     0  libinit2.o(.ARM.Collect$$libinit$$0000001F)
    __rt_lib_init_getenv_1                   0x0800020f   Thumb Code     0  libinit2.o(.ARM.Collect$$libinit$$00000023)
    __rt_lib_init_lc_numeric_1               0x0800020f   Thumb Code     0  libinit2.o(.ARM.Collect$$libinit$$00000017)
    __rt_lib_init_lc_time_1                  0x0800020f   Thumb Code     0  libinit2.o(.ARM.Collect$$libinit$$00000019)
    __rt_lib_init_return                     0x0800020f   Thumb Code     0  libinit2.o(.ARM.Collect$$libinit$$00000033)
    __rt_lib_init_signal_1                   0x0800020f   Thumb Code     0  libinit2.o(.ARM.Collect$$libinit$$0000001D)
    __rt_lib_init_stdio_1                    0x0800020f   Thumb Code     0  libinit2.o(.ARM.Collect$$libinit$$00000025)
    __rt_lib_shutdown                        0x08000211   Thumb Code     0  libshutdown.o(.ARM.Collect$$libshutdown$$00000000)
    __rt_lib_shutdown_cpp_1                  0x08000213   Thumb Code     0  libshutdown2.o(.ARM.Collect$$libshutdown$$00000004)
    __rt_lib_shutdown_fini_1                 0x08000213   Thumb Code     0  libshutdown2.o(.ARM.Collect$$libshutdown$$00000002)
    __rt_lib_shutdown_fp_trap_1              0x08000213   Thumb Code     0  libshutdown2.o(.ARM.Collect$$libshutdown$$00000009)
    __rt_lib_shutdown_heap_1                 0x08000213   Thumb Code     0  libshutdown2.o(.ARM.Collect$$libshutdown$$00000011)
    __rt_lib_shutdown_return                 0x08000213   Thumb Code     0  libshutdown2.o(.ARM.Collect$$libshutdown$$00000012)
    __rt_lib_shutdown_signal_1               0x08000213   Thumb Code     0  libshutdown2.o(.ARM.Collect$$libshutdown$$0000000C)
    __rt_lib_shutdown_stdio_1                0x08000213   Thumb Code     0  libshutdown2.o(.ARM.Collect$$libshutdown$$00000006)
    __rt_lib_shutdown_user_alloc_1           0x08000213   Thumb Code     0  libshutdown2.o(.ARM.Collect$$libshutdown$$0000000E)
    __rt_entry                               0x08000215   Thumb Code     0  __rtentry.o(.ARM.Collect$$rtentry$$00000000)
    __rt_entry_presh_1                       0x08000215   Thumb Code     0  __rtentry2.o(.ARM.Collect$$rtentry$$00000002)
    __rt_entry_sh                            0x08000215   Thumb Code     0  __rtentry4.o(.ARM.Collect$$rtentry$$00000004)
    __rt_entry_li                            0x0800021b   Thumb Code     0  __rtentry2.o(.ARM.Collect$$rtentry$$0000000A)
    __rt_entry_postsh_1                      0x0800021b   Thumb Code     0  __rtentry2.o(.ARM.Collect$$rtentry$$00000009)
    __rt_entry_main                          0x0800021f   Thumb Code     0  __rtentry2.o(.ARM.Collect$$rtentry$$0000000D)
    __rt_entry_postli_1                      0x0800021f   Thumb Code     0  __rtentry2.o(.ARM.Collect$$rtentry$$0000000C)
    __rt_exit                                0x08000227   Thumb Code     0  rtexit.o(.ARM.Collect$$rtexit$$00000000)
    __rt_exit_ls                             0x08000229   Thumb Code     0  rtexit2.o(.ARM.Collect$$rtexit$$00000003)
    __rt_exit_prels_1                        0x08000229   Thumb Code     0  rtexit2.o(.ARM.Collect$$rtexit$$00000002)
    __rt_exit_exit                           0x0800022d   Thumb Code     0  rtexit2.o(.ARM.Collect$$rtexit$$00000004)
    vPortSVCHandler                          0x08000235   Thumb Code    32  port.o(.emb_text)
    __asm___6_port_c_39a90d8d__prvStartFirstTask 0x08000259   Thumb Code    28  port.o(.emb_text)
    xPortPendSVHandler                       0x08000279   Thumb Code    72  port.o(.emb_text)
    vPortGetIPSR                             0x080002c5   Thumb Code     6  port.o(.emb_text)
    ProjectInit                              0x080002cd   Thumb Code     2  main.o(.text)
    main                                     0x080002cf   Thumb Code    92  main.o(.text)
    DMX_ReadData                             0x08000339   Thumb Code    58  stm32f10x_it.o(.text)
    DMX_WaitBreakTime                        0x08000373   Thumb Code   120  stm32f10x_it.o(.text)
    TIM1_CC_IRQHandler                       0x080003eb   Thumb Code    74  stm32f10x_it.o(.text)
    USART2_IRQHandler                        0x08000435   Thumb Code    56  stm32f10x_it.o(.text)
    IR_WaitForEnd                            0x0800046d   Thumb Code    36  stm32f10x_it.o(.text)
    IR_WaitForData                           0x08000491   Thumb Code    14  stm32f10x_it.o(.text)
    IR_WaitForCMD                            0x0800049f   Thumb Code    14  stm32f10x_it.o(.text)
    IR_WaitForStart                          0x080004ad   Thumb Code    24  stm32f10x_it.o(.text)
    vIRTimeOutTimerCallback                  0x080004c5   Thumb Code    10  stm32f10x_it.o(.text)
    USART1_IRQHandler                        0x080004cf   Thumb Code    74  stm32f10x_it.o(.text)
    NMI_Handler                              0x08000519   Thumb Code     2  stm32f10x_it.o(.text)
    HardFault_Handler                        0x0800051b   Thumb Code     4  stm32f10x_it.o(.text)
    MemManage_Handler                        0x0800051f   Thumb Code     4  stm32f10x_it.o(.text)
    BusFault_Handler                         0x08000523   Thumb Code     4  stm32f10x_it.o(.text)
    UsageFault_Handler                       0x08000527   Thumb Code     4  stm32f10x_it.o(.text)
    DebugMon_Handler                         0x0800052b   Thumb Code     2  stm32f10x_it.o(.text)
    SVC_Handler                              0x0800052d   Thumb Code     2  stm32f10x_it.o(.text)
    PendSV_Handler                           0x0800052f   Thumb Code     2  stm32f10x_it.o(.text)
    SysTick_Handler                          0x08000531   Thumb Code     2  stm32f10x_it.o(.text)
    RTC_IRQHandler                           0x08000533   Thumb Code    22  stm32f10x_it.o(.text)
    EXTI15_10_IRQHandler                     0x08000549   Thumb Code     2  stm32f10x_it.o(.text)
    I2C_Configuration                        0x08000591   Thumb Code   118  24c02.o(.text)
    I2C_Read                                 0x0800065b   Thumb Code   256  24c02.o(.text)
    I2C_WriteOneByte                         0x0800075b   Thumb Code   160  24c02.o(.text)
    I2C_Write                                0x080007fb   Thumb Code    70  24c02.o(.text)
    EPPROM_Read                              0x08000841   Thumb Code    24  24c02.o(.text)
    EPPROM_Write                             0x08000859   Thumb Code    24  24c02.o(.text)
    Test_ReadWriteEEp                        0x08000871   Thumb Code   180  24c02.o(.text)
    Caculator_chanel                         0x08000979   Thumb Code    16  lightdmx.o(.text)
    v_LightReadID                            0x08000989   Thumb Code    20  lightdmx.o(.text)
    v_LightSetID                             0x0800099d   Thumb Code    20  lightdmx.o(.text)
    u8_LightDMX_Init                         0x080009b1   Thumb Code   192  lightdmx.o(.text)
    vLightDMXGetMaxValue                     0x08000a71   Thumb Code    82  lightdmx.o(.text)
    vLightDMXDebug                           0x08000ac3   Thumb Code    54  lightdmx.o(.text)
    vSetMaxValue                             0x08000af9   Thumb Code    98  lightdmx.o(.text)
    vFeedbackIR                              0x08000b5b   Thumb Code    42  lightdmx.o(.text)
    vResponseIR                              0x08000b85   Thumb Code    32  lightdmx.o(.text)
    u8_LightDMX_Run                          0x08000ba5   Thumb Code   422  lightdmx.o(.text)
    pwm_out_init                             0x08000e31   Thumb Code   140  pwm.o(.text)
    pwm_init                                 0x08000ebd   Thumb Code    66  pwm.o(.text)
    pwm_set_output                           0x08000eff   Thumb Code    24  pwm.o(.text)
    NVIC_init                                0x08000f2d   Thumb Code    58  dmx512_rec.o(.text)
    dmx512_rec_enable                        0x08000f67   Thumb Code    62  dmx512_rec.o(.text)
    dmx512_rec_init                          0x08000fa5   Thumb Code   216  dmx512_rec.o(.text)
    dmx512_init                              0x0800107d   Thumb Code   102  dmx512_rec.o(.text)
    Usart_Init                               0x08001105   Thumb Code   116  serial_tracer.o(.text)
    Uart1WriteString                         0x08001179   Thumb Code    38  serial_tracer.o(.text)
    printf2                                  0x0800119f   Thumb Code    36  serial_tracer.o(.text)
    IR_enable                                0x080011cd   Thumb Code    34  irda.o(.text)
    IRDA_Init                                0x080011ef   Thumb Code   172  irda.o(.text)
    IRWriteString                            0x0800129b   Thumb Code    38  irda.o(.text)
    IRWrite                                  0x080012c1   Thumb Code    28  irda.o(.text)
    IRWriteWLength                           0x080012dd   Thumb Code    38  irda.o(.text)
    printir                                  0x08001303   Thumb Code    36  irda.o(.text)
    vListInitialise                          0x08001331   Thumb Code    26  list.o(.text)
    vListInitialiseItem                      0x0800134b   Thumb Code     6  list.o(.text)
    vListInsertEnd                           0x08001351   Thumb Code    24  list.o(.text)
    vListInsert                              0x08001369   Thumb Code    52  list.o(.text)
    uxListRemove                             0x0800139d   Thumb Code    40  list.o(.text)
    xQueueGenericReset                       0x080013c5   Thumb Code   122  queue.o(.text)
    xQueueGenericCreate                      0x08001465   Thumb Code    56  queue.o(.text)
    xQueueGenericSend                        0x080015a3   Thumb Code   276  queue.o(.text)
    xQueueGenericSendFromISR                 0x080016b7   Thumb Code   134  queue.o(.text)
    xQueueGiveFromISR                        0x0800173d   Thumb Code   120  queue.o(.text)
    xQueueGenericReceive                     0x080017fd   Thumb Code   312  queue.o(.text)
    xQueueReceiveFromISR                     0x08001935   Thumb Code   130  queue.o(.text)
    xQueuePeekFromISR                        0x080019b7   Thumb Code    74  queue.o(.text)
    uxQueueMessagesWaiting                   0x08001a01   Thumb Code    18  queue.o(.text)
    uxQueueSpacesAvailable                   0x08001a13   Thumb Code    24  queue.o(.text)
    uxQueueMessagesWaitingFromISR            0x08001a2b   Thumb Code     6  queue.o(.text)
    vQueueDelete                             0x08001a31   Thumb Code    14  queue.o(.text)
    xQueueIsQueueEmptyFromISR                0x08001a3f   Thumb Code    14  queue.o(.text)
    xQueueIsQueueFullFromISR                 0x08001a4d   Thumb Code    18  queue.o(.text)
    vQueueWaitForMessageRestricted           0x08001a5f   Thumb Code    74  queue.o(.text)
    xTaskCreate                              0x08001c09   Thumb Code    96  tasks.o(.text)
    vTaskDelete                              0x08001ca5   Thumb Code   166  tasks.o(.text)
    xTaskIncrementTick                       0x08001d4b   Thumb Code   238  tasks.o(.text)
    xTaskResumeAll                           0x08001e39   Thumb Code   284  tasks.o(.text)
    vTaskSuspendAll                          0x08001fd1   Thumb Code    12  tasks.o(.text)
    vTaskDelayUntil                          0x08001fdd   Thumb Code   106  tasks.o(.text)
    vTaskDelay                               0x08002047   Thumb Code    46  tasks.o(.text)
    uxTaskPriorityGet                        0x08002075   Thumb Code    30  tasks.o(.text)
    uxTaskPriorityGetFromISR                 0x08002093   Thumb Code    52  tasks.o(.text)
    vTaskPrioritySet                         0x080020c7   Thumb Code   216  tasks.o(.text)
    vTaskSwitchContext                       0x0800219f   Thumb Code    76  tasks.o(.text)
    vTaskSuspend                             0x080021eb   Thumb Code   160  tasks.o(.text)
    vTaskResume                              0x080022c3   Thumb Code   170  tasks.o(.text)
    xTaskResumeFromISR                       0x0800236d   Thumb Code   130  tasks.o(.text)
    vTaskStartScheduler                      0x08002465   Thumb Code    82  tasks.o(.text)
    vTaskEndScheduler                        0x080024b7   Thumb Code    32  tasks.o(.text)
    xTaskGetTickCount                        0x080024d7   Thumb Code     6  tasks.o(.text)
    xTaskGetTickCountFromISR                 0x080024dd   Thumb Code     8  tasks.o(.text)
    uxTaskGetNumberOfTasks                   0x080024e5   Thumb Code     6  tasks.o(.text)
    pcTaskGetName                            0x080024eb   Thumb Code    20  tasks.o(.text)
    vTaskPlaceOnEventList                    0x080024ff   Thumb Code    28  tasks.o(.text)
    vTaskPlaceOnUnorderedEventList           0x0800251b   Thumb Code    40  tasks.o(.text)
    vTaskPlaceOnEventListRestricted          0x08002543   Thumb Code    36  tasks.o(.text)
    xTaskRemoveFromEventList                 0x08002567   Thumb Code   104  tasks.o(.text)
    xTaskRemoveFromUnorderedEventList        0x080025cf   Thumb Code    94  tasks.o(.text)
    vTaskSetTimeOutState                     0x0800262d   Thumb Code    14  tasks.o(.text)
    xTaskCheckForTimeOut                     0x0800263b   Thumb Code    84  tasks.o(.text)
    vTaskMissedYield                         0x0800268f   Thumb Code     8  tasks.o(.text)
    xTaskGetSchedulerState                   0x08002697   Thumb Code    24  tasks.o(.text)
    uxTaskResetEventItemValue                0x080026af   Thumb Code    24  tasks.o(.text)
    ulTaskNotifyTake                         0x080026c7   Thumb Code   108  tasks.o(.text)
    xTaskNotifyWait                          0x08002733   Thumb Code   224  tasks.o(.text)
    xTaskGenericNotify                       0x08002813   Thumb Code   178  tasks.o(.text)
    xTaskGenericNotifyFromISR                0x080028c5   Thumb Code   228  tasks.o(.text)
    vTaskNotifyGiveFromISR                   0x080029a9   Thumb Code   154  tasks.o(.text)
    xTaskNotifyStateClear                    0x08002a43   Thumb Code    48  tasks.o(.text)
    xTimerGenericCommand                     0x08002ae1   Thumb Code   102  timers.o(.text)
    xTimerCreateTimerTask                    0x08002dc3   Thumb Code    40  timers.o(.text)
    xTimerCreate                             0x08002e19   Thumb Code    48  timers.o(.text)
    xTimerGetTimerDaemonTaskHandle           0x08002e49   Thumb Code     6  timers.o(.text)
    xTimerGetPeriod                          0x08002e4f   Thumb Code     8  timers.o(.text)
    xTimerGetExpiryTime                      0x08002e57   Thumb Code     8  timers.o(.text)
    pcTimerGetName                           0x08002e5f   Thumb Code     8  timers.o(.text)
    xTimerIsTimerActive                      0x08002e67   Thumb Code    32  timers.o(.text)
    pvTimerGetTimerID                        0x08002e87   Thumb Code    66  timers.o(.text)
    vTimerSetTimerID                         0x08002ec9   Thumb Code    20  timers.o(.text)
    pxPortInitialiseStack                    0x08002ef3   Thumb Code    30  port.o(.text)
    vPortSetupTimerInterrupt                 0x08002f11   Thumb Code    16  port.o(.text)
    xPortStartScheduler                      0x08002f21   Thumb Code    42  port.o(.text)
    vPortEndScheduler                        0x08002f4b   Thumb Code     2  port.o(.text)
    vPortEnterCritical                       0x08002f4d   Thumb Code    30  port.o(.text)
    vPortExitCritical                        0x08002f6b   Thumb Code    28  port.o(.text)
    xPortSysTickHandler                      0x08002f87   Thumb Code    48  port.o(.text)
    pvPortMalloc                             0x08003087   Thumb Code   188  heap_4.o(.text)
    vPortFree                                0x08003143   Thumb Code    64  heap_4.o(.text)
    xPortGetFreeHeapSize                     0x08003183   Thumb Code     6  heap_4.o(.text)
    xPortGetMinimumEverFreeHeapSize          0x08003189   Thumb Code     6  heap_4.o(.text)
    vPortInitialiseBlocks                    0x0800318f   Thumb Code     2  heap_4.o(.text)
    MainTask_Init                            0x080031c5   Thumb Code    86  main_task.o(.text)
    NVIC_PriorityGroupConfig                 0x08003275   Thumb Code    10  misc.o(.text)
    NVIC_Init                                0x0800327f   Thumb Code   100  misc.o(.text)
    NVIC_SetVectorTable                      0x080032e3   Thumb Code    14  misc.o(.text)
    NVIC_SystemLPConfig                      0x080032f1   Thumb Code    34  misc.o(.text)
    SysTick_CLKSourceConfig                  0x08003313   Thumb Code    40  misc.o(.text)
    GPIO_DeInit                              0x08003351   Thumb Code   172  stm32f10x_gpio.o(.text)
    GPIO_AFIODeInit                          0x080033fd   Thumb Code    20  stm32f10x_gpio.o(.text)
    GPIO_Init                                0x08003411   Thumb Code   278  stm32f10x_gpio.o(.text)
    GPIO_StructInit                          0x08003527   Thumb Code    16  stm32f10x_gpio.o(.text)
    GPIO_ReadInputDataBit                    0x08003537   Thumb Code    18  stm32f10x_gpio.o(.text)
    GPIO_ReadInputData                       0x08003549   Thumb Code     8  stm32f10x_gpio.o(.text)
    GPIO_ReadOutputDataBit                   0x08003551   Thumb Code    18  stm32f10x_gpio.o(.text)
    GPIO_ReadOutputData                      0x08003563   Thumb Code     8  stm32f10x_gpio.o(.text)
    GPIO_SetBits                             0x0800356b   Thumb Code     4  stm32f10x_gpio.o(.text)
    GPIO_ResetBits                           0x0800356f   Thumb Code     4  stm32f10x_gpio.o(.text)
    GPIO_WriteBit                            0x08003573   Thumb Code    10  stm32f10x_gpio.o(.text)
    GPIO_Write                               0x0800357d   Thumb Code     4  stm32f10x_gpio.o(.text)
    GPIO_PinLockConfig                       0x08003581   Thumb Code    18  stm32f10x_gpio.o(.text)
    GPIO_EventOutputConfig                   0x08003593   Thumb Code    26  stm32f10x_gpio.o(.text)
    GPIO_EventOutputCmd                      0x080035ad   Thumb Code     6  stm32f10x_gpio.o(.text)
    GPIO_PinRemapConfig                      0x080035b3   Thumb Code   138  stm32f10x_gpio.o(.text)
    GPIO_EXTILineConfig                      0x0800363d   Thumb Code    66  stm32f10x_gpio.o(.text)
    GPIO_ETH_MediaInterfaceConfig            0x0800367f   Thumb Code     8  stm32f10x_gpio.o(.text)
    I2C_DeInit                               0x080036ad   Thumb Code    50  stm32f10x_i2c.o(.text)
    I2C_Init                                 0x080036df   Thumb Code   222  stm32f10x_i2c.o(.text)
    I2C_StructInit                           0x080037bd   Thumb Code    30  stm32f10x_i2c.o(.text)
    I2C_Cmd                                  0x080037db   Thumb Code    24  stm32f10x_i2c.o(.text)
    I2C_DMACmd                               0x080037f3   Thumb Code    24  stm32f10x_i2c.o(.text)
    I2C_DMALastTransferCmd                   0x0800380b   Thumb Code    24  stm32f10x_i2c.o(.text)
    I2C_GenerateSTART                        0x08003823   Thumb Code    24  stm32f10x_i2c.o(.text)
    I2C_GenerateSTOP                         0x0800383b   Thumb Code    24  stm32f10x_i2c.o(.text)
    I2C_AcknowledgeConfig                    0x08003853   Thumb Code    24  stm32f10x_i2c.o(.text)
    I2C_OwnAddress2Config                    0x0800386b   Thumb Code    22  stm32f10x_i2c.o(.text)
    I2C_DualAddressCmd                       0x08003881   Thumb Code    24  stm32f10x_i2c.o(.text)
    I2C_GeneralCallCmd                       0x08003899   Thumb Code    24  stm32f10x_i2c.o(.text)
    I2C_ITConfig                             0x080038b1   Thumb Code    18  stm32f10x_i2c.o(.text)
    I2C_SendData                             0x080038c3   Thumb Code     4  stm32f10x_i2c.o(.text)
    I2C_ReceiveData                          0x080038c7   Thumb Code     8  stm32f10x_i2c.o(.text)
    I2C_Send7bitAddress                      0x080038cf   Thumb Code    18  stm32f10x_i2c.o(.text)
    I2C_ReadRegister                         0x080038e1   Thumb Code    22  stm32f10x_i2c.o(.text)
    I2C_SoftwareResetCmd                     0x080038f7   Thumb Code    22  stm32f10x_i2c.o(.text)
    I2C_NACKPositionConfig                   0x0800390d   Thumb Code    28  stm32f10x_i2c.o(.text)
    I2C_SMBusAlertConfig                     0x08003929   Thumb Code    28  stm32f10x_i2c.o(.text)
    I2C_TransmitPEC                          0x08003945   Thumb Code    24  stm32f10x_i2c.o(.text)
    I2C_PECPositionConfig                    0x0800395d   Thumb Code    28  stm32f10x_i2c.o(.text)
    I2C_CalculatePEC                         0x08003979   Thumb Code    24  stm32f10x_i2c.o(.text)
    I2C_GetPEC                               0x08003991   Thumb Code     8  stm32f10x_i2c.o(.text)
    I2C_ARPCmd                               0x08003999   Thumb Code    24  stm32f10x_i2c.o(.text)
    I2C_StretchClockCmd                      0x080039b1   Thumb Code    24  stm32f10x_i2c.o(.text)
    I2C_FastModeDutyCycleConfig              0x080039c9   Thumb Code    28  stm32f10x_i2c.o(.text)
    I2C_CheckEvent                           0x080039e5   Thumb Code    42  stm32f10x_i2c.o(.text)
    I2C_GetLastEvent                         0x08003a0f   Thumb Code    26  stm32f10x_i2c.o(.text)
    I2C_GetFlagStatus                        0x08003a29   Thumb Code    58  stm32f10x_i2c.o(.text)
    I2C_ClearFlag                            0x08003a63   Thumb Code    12  stm32f10x_i2c.o(.text)
    I2C_GetITStatus                          0x08003a6f   Thumb Code    54  stm32f10x_i2c.o(.text)
    I2C_ClearITPendingBit                    0x08003aa5   Thumb Code    12  stm32f10x_i2c.o(.text)
    RCC_DeInit                               0x08003ab1   Thumb Code    64  stm32f10x_rcc.o(.text)
    RCC_HSEConfig                            0x08003af1   Thumb Code    70  stm32f10x_rcc.o(.text)
    RCC_GetFlagStatus                        0x08003b37   Thumb Code    56  stm32f10x_rcc.o(.text)
    RCC_WaitForHSEStartUp                    0x08003b6f   Thumb Code    56  stm32f10x_rcc.o(.text)
    RCC_AdjustHSICalibrationValue            0x08003ba7   Thumb Code    20  stm32f10x_rcc.o(.text)
    RCC_HSICmd                               0x08003bbb   Thumb Code     6  stm32f10x_rcc.o(.text)
    RCC_PLLConfig                            0x08003bc1   Thumb Code    24  stm32f10x_rcc.o(.text)
    RCC_PLLCmd                               0x08003bd9   Thumb Code     6  stm32f10x_rcc.o(.text)
    RCC_SYSCLKConfig                         0x08003bdf   Thumb Code    18  stm32f10x_rcc.o(.text)
    RCC_GetSYSCLKSource                      0x08003bf1   Thumb Code    10  stm32f10x_rcc.o(.text)
    RCC_HCLKConfig                           0x08003bfb   Thumb Code    18  stm32f10x_rcc.o(.text)
    RCC_PCLK1Config                          0x08003c0d   Thumb Code    18  stm32f10x_rcc.o(.text)
    RCC_PCLK2Config                          0x08003c1f   Thumb Code    20  stm32f10x_rcc.o(.text)
    RCC_ITConfig                             0x08003c33   Thumb Code    26  stm32f10x_rcc.o(.text)
    RCC_USBCLKConfig                         0x08003c4d   Thumb Code     8  stm32f10x_rcc.o(.text)
    RCC_ADCCLKConfig                         0x08003c55   Thumb Code    18  stm32f10x_rcc.o(.text)
    RCC_LSEConfig                            0x08003c67   Thumb Code    50  stm32f10x_rcc.o(.text)
    RCC_LSICmd                               0x08003c99   Thumb Code     6  stm32f10x_rcc.o(.text)
    RCC_RTCCLKConfig                         0x08003c9f   Thumb Code    12  stm32f10x_rcc.o(.text)
    RCC_RTCCLKCmd                            0x08003cab   Thumb Code     8  stm32f10x_rcc.o(.text)
    RCC_GetClocksFreq                        0x08003cb3   Thumb Code   192  stm32f10x_rcc.o(.text)
    RCC_AHBPeriphClockCmd                    0x08003d73   Thumb Code    26  stm32f10x_rcc.o(.text)
    RCC_APB2PeriphClockCmd                   0x08003d8d   Thumb Code    26  stm32f10x_rcc.o(.text)
    RCC_APB1PeriphClockCmd                   0x08003da7   Thumb Code    26  stm32f10x_rcc.o(.text)
    RCC_APB2PeriphResetCmd                   0x08003dc1   Thumb Code    26  stm32f10x_rcc.o(.text)
    RCC_APB1PeriphResetCmd                   0x08003ddb   Thumb Code    26  stm32f10x_rcc.o(.text)
    RCC_BackupResetCmd                       0x08003df5   Thumb Code     8  stm32f10x_rcc.o(.text)
    RCC_ClockSecuritySystemCmd               0x08003dfd   Thumb Code     6  stm32f10x_rcc.o(.text)
    RCC_MCOConfig                            0x08003e03   Thumb Code     6  stm32f10x_rcc.o(.text)
    RCC_ClearFlag                            0x08003e09   Thumb Code    14  stm32f10x_rcc.o(.text)
    RCC_GetITStatus                          0x08003e17   Thumb Code    20  stm32f10x_rcc.o(.text)
    RCC_ClearITPendingBit                    0x08003e2b   Thumb Code     6  stm32f10x_rcc.o(.text)
    RTC_ITConfig                             0x08003e55   Thumb Code    26  stm32f10x_rtc.o(.text)
    RTC_EnterConfigMode                      0x08003e6f   Thumb Code    18  stm32f10x_rtc.o(.text)
    RTC_ExitConfigMode                       0x08003e81   Thumb Code    20  stm32f10x_rtc.o(.text)
    RTC_GetCounter                           0x08003e95   Thumb Code    18  stm32f10x_rtc.o(.text)
    RTC_SetCounter                           0x08003ea7   Thumb Code    26  stm32f10x_rtc.o(.text)
    RTC_SetPrescaler                         0x08003ec1   Thumb Code    28  stm32f10x_rtc.o(.text)
    RTC_SetAlarm                             0x08003edd   Thumb Code    26  stm32f10x_rtc.o(.text)
    RTC_GetDivider                           0x08003ef7   Thumb Code    22  stm32f10x_rtc.o(.text)
    RTC_WaitForLastTask                      0x08003f0d   Thumb Code    18  stm32f10x_rtc.o(.text)
    RTC_WaitForSynchro                       0x08003f1f   Thumb Code    36  stm32f10x_rtc.o(.text)
    RTC_GetFlagStatus                        0x08003f43   Thumb Code    22  stm32f10x_rtc.o(.text)
    RTC_ClearFlag                            0x08003f59   Thumb Code    16  stm32f10x_rtc.o(.text)
    RTC_GetITStatus                          0x08003f69   Thumb Code    32  stm32f10x_rtc.o(.text)
    RTC_ClearITPendingBit                    0x08003f89   Thumb Code    16  stm32f10x_rtc.o(.text)
    TIM_DeInit                               0x08003f9d   Thumb Code   424  stm32f10x_tim.o(.text)
    TIM_TimeBaseInit                         0x08004145   Thumb Code   122  stm32f10x_tim.o(.text)
    TIM_OC1Init                              0x080041bf   Thumb Code   132  stm32f10x_tim.o(.text)
    TIM_OC2Init                              0x08004243   Thumb Code   154  stm32f10x_tim.o(.text)
    TIM_OC3Init                              0x080042dd   Thumb Code   150  stm32f10x_tim.o(.text)
    TIM_OC4Init                              0x08004373   Thumb Code   182  stm32f10x_tim.o(.text)
    TIM_SetIC4Prescaler                      0x08004429   Thumb Code    26  stm32f10x_tim.o(.text)
    TIM_SetIC3Prescaler                      0x080044c5   Thumb Code    18  stm32f10x_tim.o(.text)
    TIM_SetIC2Prescaler                      0x08004551   Thumb Code    26  stm32f10x_tim.o(.text)
    TIM_SetIC1Prescaler                      0x080045ed   Thumb Code    18  stm32f10x_tim.o(.text)
    TIM_ICInit                               0x0800466b   Thumb Code   150  stm32f10x_tim.o(.text)
    TIM_PWMIConfig                           0x08004701   Thumb Code   124  stm32f10x_tim.o(.text)
    TIM_BDTRConfig                           0x0800477d   Thumb Code    32  stm32f10x_tim.o(.text)
    TIM_TimeBaseStructInit                   0x0800479d   Thumb Code    18  stm32f10x_tim.o(.text)
    TIM_OCStructInit                         0x080047af   Thumb Code    20  stm32f10x_tim.o(.text)
    TIM_ICStructInit                         0x080047c3   Thumb Code    18  stm32f10x_tim.o(.text)
    TIM_BDTRStructInit                       0x080047d5   Thumb Code    40  stm32f10x_tim.o(.text)
    TIM_Cmd                                  0x080047fd   Thumb Code    24  stm32f10x_tim.o(.text)
    TIM_CtrlPWMOutputs                       0x08004815   Thumb Code    30  stm32f10x_tim.o(.text)
    TIM_ITConfig                             0x08004833   Thumb Code    18  stm32f10x_tim.o(.text)
    TIM_GenerateEvent                        0x08004845   Thumb Code     4  stm32f10x_tim.o(.text)
    TIM_DMAConfig                            0x08004849   Thumb Code    10  stm32f10x_tim.o(.text)
    TIM_DMACmd                               0x08004853   Thumb Code    18  stm32f10x_tim.o(.text)
    TIM_InternalClockConfig                  0x08004865   Thumb Code    12  stm32f10x_tim.o(.text)
    TIM_SelectInputTrigger                   0x08004871   Thumb Code    18  stm32f10x_tim.o(.text)
    TIM_ITRxExternalClockConfig              0x08004883   Thumb Code    24  stm32f10x_tim.o(.text)
    TIM_TIxExternalClockConfig               0x0800489b   Thumb Code    62  stm32f10x_tim.o(.text)
    TIM_ETRConfig                            0x080048d9   Thumb Code    28  stm32f10x_tim.o(.text)
    TIM_ETRClockMode1Config                  0x080048f5   Thumb Code    54  stm32f10x_tim.o(.text)
    TIM_ETRClockMode2Config                  0x0800492b   Thumb Code    32  stm32f10x_tim.o(.text)
    TIM_PrescalerConfig                      0x0800494b   Thumb Code     6  stm32f10x_tim.o(.text)
    TIM_CounterModeConfig                    0x08004951   Thumb Code    18  stm32f10x_tim.o(.text)
    TIM_EncoderInterfaceConfig               0x08004963   Thumb Code    66  stm32f10x_tim.o(.text)
    TIM_ForcedOC1Config                      0x080049a5   Thumb Code    18  stm32f10x_tim.o(.text)
    TIM_ForcedOC2Config                      0x080049b7   Thumb Code    26  stm32f10x_tim.o(.text)
    TIM_ForcedOC3Config                      0x080049d1   Thumb Code    18  stm32f10x_tim.o(.text)
    TIM_ForcedOC4Config                      0x080049e3   Thumb Code    26  stm32f10x_tim.o(.text)
    TIM_ARRPreloadConfig                     0x080049fd   Thumb Code    24  stm32f10x_tim.o(.text)
    TIM_SelectCOM                            0x08004a15   Thumb Code    24  stm32f10x_tim.o(.text)
    TIM_SelectCCDMA                          0x08004a2d   Thumb Code    24  stm32f10x_tim.o(.text)
    TIM_CCPreloadControl                     0x08004a45   Thumb Code    24  stm32f10x_tim.o(.text)
    TIM_OC1PreloadConfig                     0x08004a5d   Thumb Code    18  stm32f10x_tim.o(.text)
    TIM_OC2PreloadConfig                     0x08004a6f   Thumb Code    26  stm32f10x_tim.o(.text)
    TIM_OC3PreloadConfig                     0x08004a89   Thumb Code    18  stm32f10x_tim.o(.text)
    TIM_OC4PreloadConfig                     0x08004a9b   Thumb Code    26  stm32f10x_tim.o(.text)
    TIM_OC1FastConfig                        0x08004ab5   Thumb Code    18  stm32f10x_tim.o(.text)
    TIM_OC2FastConfig                        0x08004ac7   Thumb Code    26  stm32f10x_tim.o(.text)
    TIM_OC3FastConfig                        0x08004ae1   Thumb Code    18  stm32f10x_tim.o(.text)
    TIM_OC4FastConfig                        0x08004af3   Thumb Code    26  stm32f10x_tim.o(.text)
    TIM_ClearOC1Ref                          0x08004b0d   Thumb Code    18  stm32f10x_tim.o(.text)
    TIM_ClearOC2Ref                          0x08004b1f   Thumb Code    24  stm32f10x_tim.o(.text)
    TIM_ClearOC3Ref                          0x08004b37   Thumb Code    18  stm32f10x_tim.o(.text)
    TIM_ClearOC4Ref                          0x08004b49   Thumb Code    24  stm32f10x_tim.o(.text)
    TIM_OC1PolarityConfig                    0x08004b61   Thumb Code    18  stm32f10x_tim.o(.text)
    TIM_OC1NPolarityConfig                   0x08004b73   Thumb Code    18  stm32f10x_tim.o(.text)
    TIM_OC2PolarityConfig                    0x08004b85   Thumb Code    26  stm32f10x_tim.o(.text)
    TIM_OC2NPolarityConfig                   0x08004b9f   Thumb Code    26  stm32f10x_tim.o(.text)
    TIM_OC3PolarityConfig                    0x08004bb9   Thumb Code    26  stm32f10x_tim.o(.text)
    TIM_OC3NPolarityConfig                   0x08004bd3   Thumb Code    26  stm32f10x_tim.o(.text)
    TIM_OC4PolarityConfig                    0x08004bed   Thumb Code    26  stm32f10x_tim.o(.text)
    TIM_CCxCmd                               0x08004c07   Thumb Code    30  stm32f10x_tim.o(.text)
    TIM_CCxNCmd                              0x08004c25   Thumb Code    30  stm32f10x_tim.o(.text)
    TIM_SelectOCxM                           0x08004c43   Thumb Code    82  stm32f10x_tim.o(.text)
    TIM_UpdateDisableConfig                  0x08004c95   Thumb Code    24  stm32f10x_tim.o(.text)
    TIM_UpdateRequestConfig                  0x08004cad   Thumb Code    24  stm32f10x_tim.o(.text)
    TIM_SelectHallSensor                     0x08004cc5   Thumb Code    24  stm32f10x_tim.o(.text)
    TIM_SelectOnePulseMode                   0x08004cdd   Thumb Code    18  stm32f10x_tim.o(.text)
    TIM_SelectOutputTrigger                  0x08004cef   Thumb Code    18  stm32f10x_tim.o(.text)
    TIM_SelectSlaveMode                      0x08004d01   Thumb Code    18  stm32f10x_tim.o(.text)
    TIM_SelectMasterSlaveMode                0x08004d13   Thumb Code    18  stm32f10x_tim.o(.text)
    TIM_SetCounter                           0x08004d25   Thumb Code     4  stm32f10x_tim.o(.text)
    TIM_SetAutoreload                        0x08004d29   Thumb Code     4  stm32f10x_tim.o(.text)
    TIM_SetCompare1                          0x08004d2d   Thumb Code     4  stm32f10x_tim.o(.text)
    TIM_SetCompare2                          0x08004d31   Thumb Code     4  stm32f10x_tim.o(.text)
    TIM_SetCompare3                          0x08004d35   Thumb Code     4  stm32f10x_tim.o(.text)
    TIM_SetCompare4                          0x08004d39   Thumb Code     6  stm32f10x_tim.o(.text)
    TIM_SetClockDivision                     0x08004d3f   Thumb Code    18  stm32f10x_tim.o(.text)
    TIM_GetCapture1                          0x08004d51   Thumb Code     6  stm32f10x_tim.o(.text)
    TIM_GetCapture2                          0x08004d57   Thumb Code     6  stm32f10x_tim.o(.text)
    TIM_GetCapture3                          0x08004d5d   Thumb Code     6  stm32f10x_tim.o(.text)
    TIM_GetCapture4                          0x08004d63   Thumb Code     8  stm32f10x_tim.o(.text)
    TIM_GetCounter                           0x08004d6b   Thumb Code     6  stm32f10x_tim.o(.text)
    TIM_GetPrescaler                         0x08004d71   Thumb Code     6  stm32f10x_tim.o(.text)
    TIM_GetFlagStatus                        0x08004d77   Thumb Code    18  stm32f10x_tim.o(.text)
    TIM_ClearFlag                            0x08004d89   Thumb Code     6  stm32f10x_tim.o(.text)
    TIM_GetITStatus                          0x08004d8f   Thumb Code    34  stm32f10x_tim.o(.text)
    TIM_ClearITPendingBit                    0x08004db1   Thumb Code     6  stm32f10x_tim.o(.text)
    USART_DeInit                             0x08004db9   Thumb Code   134  stm32f10x_usart.o(.text)
    USART_Init                               0x08004e3f   Thumb Code   210  stm32f10x_usart.o(.text)
    USART_StructInit                         0x08004f11   Thumb Code    24  stm32f10x_usart.o(.text)
    USART_ClockInit                          0x08004f29   Thumb Code    34  stm32f10x_usart.o(.text)
    USART_ClockStructInit                    0x08004f4b   Thumb Code    12  stm32f10x_usart.o(.text)
    USART_Cmd                                0x08004f57   Thumb Code    24  stm32f10x_usart.o(.text)
    USART_ITConfig                           0x08004f6f   Thumb Code    74  stm32f10x_usart.o(.text)
    USART_DMACmd                             0x08004fb9   Thumb Code    18  stm32f10x_usart.o(.text)
    USART_SetAddress                         0x08004fcb   Thumb Code    18  stm32f10x_usart.o(.text)
    USART_WakeUpConfig                       0x08004fdd   Thumb Code    18  stm32f10x_usart.o(.text)
    USART_ReceiverWakeUpCmd                  0x08004fef   Thumb Code    24  stm32f10x_usart.o(.text)
    USART_LINBreakDetectLengthConfig         0x08005007   Thumb Code    18  stm32f10x_usart.o(.text)
    USART_LINCmd                             0x08005019   Thumb Code    24  stm32f10x_usart.o(.text)
    USART_SendData                           0x08005031   Thumb Code     8  stm32f10x_usart.o(.text)
    USART_ReceiveData                        0x08005039   Thumb Code    10  stm32f10x_usart.o(.text)
    USART_SendBreak                          0x08005043   Thumb Code    10  stm32f10x_usart.o(.text)
    USART_SetGuardTime                       0x0800504d   Thumb Code    16  stm32f10x_usart.o(.text)
    USART_SetPrescaler                       0x0800505d   Thumb Code    16  stm32f10x_usart.o(.text)
    USART_SmartCardCmd                       0x0800506d   Thumb Code    24  stm32f10x_usart.o(.text)
    USART_SmartCardNACKCmd                   0x08005085   Thumb Code    24  stm32f10x_usart.o(.text)
    USART_HalfDuplexCmd                      0x0800509d   Thumb Code    24  stm32f10x_usart.o(.text)
    USART_OverSampling8Cmd                   0x080050b5   Thumb Code    22  stm32f10x_usart.o(.text)
    USART_OneBitMethodCmd                    0x080050cb   Thumb Code    24  stm32f10x_usart.o(.text)
    USART_IrDAConfig                         0x080050e3   Thumb Code    18  stm32f10x_usart.o(.text)
    USART_IrDACmd                            0x080050f5   Thumb Code    24  stm32f10x_usart.o(.text)
    USART_GetFlagStatus                      0x0800510d   Thumb Code    26  stm32f10x_usart.o(.text)
    USART_ClearFlag                          0x08005127   Thumb Code    18  stm32f10x_usart.o(.text)
    USART_GetITStatus                        0x08005139   Thumb Code    84  stm32f10x_usart.o(.text)
    USART_ClearITPendingBit                  0x0800518d   Thumb Code    52  stm32f10x_usart.o(.text)
    Reset_Handler                            0x080051c1   Thumb Code     8  startup_stm32f10x_md.o(.text)
    ADC1_2_IRQHandler                        0x080051db   Thumb Code     0  startup_stm32f10x_md.o(.text)
    CAN1_RX1_IRQHandler                      0x080051db   Thumb Code     0  startup_stm32f10x_md.o(.text)
    CAN1_SCE_IRQHandler                      0x080051db   Thumb Code     0  startup_stm32f10x_md.o(.text)
    DMA1_Channel1_IRQHandler                 0x080051db   Thumb Code     0  startup_stm32f10x_md.o(.text)
    DMA1_Channel2_IRQHandler                 0x080051db   Thumb Code     0  startup_stm32f10x_md.o(.text)
    DMA1_Channel3_IRQHandler                 0x080051db   Thumb Code     0  startup_stm32f10x_md.o(.text)
    DMA1_Channel4_IRQHandler                 0x080051db   Thumb Code     0  startup_stm32f10x_md.o(.text)
    DMA1_Channel5_IRQHandler                 0x080051db   Thumb Code     0  startup_stm32f10x_md.o(.text)
    DMA1_Channel6_IRQHandler                 0x080051db   Thumb Code     0  startup_stm32f10x_md.o(.text)
    DMA1_Channel7_IRQHandler                 0x080051db   Thumb Code     0  startup_stm32f10x_md.o(.text)
    EXTI0_IRQHandler                         0x080051db   Thumb Code     0  startup_stm32f10x_md.o(.text)
    EXTI1_IRQHandler                         0x080051db   Thumb Code     0  startup_stm32f10x_md.o(.text)
    EXTI2_IRQHandler                         0x080051db   Thumb Code     0  startup_stm32f10x_md.o(.text)
    EXTI3_IRQHandler                         0x080051db   Thumb Code     0  startup_stm32f10x_md.o(.text)
    EXTI4_IRQHandler                         0x080051db   Thumb Code     0  startup_stm32f10x_md.o(.text)
    EXTI9_5_IRQHandler                       0x080051db   Thumb Code     0  startup_stm32f10x_md.o(.text)
    FLASH_IRQHandler                         0x080051db   Thumb Code     0  startup_stm32f10x_md.o(.text)
    I2C1_ER_IRQHandler                       0x080051db   Thumb Code     0  startup_stm32f10x_md.o(.text)
    I2C1_EV_IRQHandler                       0x080051db   Thumb Code     0  startup_stm32f10x_md.o(.text)
    I2C2_ER_IRQHandler                       0x080051db   Thumb Code     0  startup_stm32f10x_md.o(.text)
    I2C2_EV_IRQHandler                       0x080051db   Thumb Code     0  startup_stm32f10x_md.o(.text)
    PVD_IRQHandler                           0x080051db   Thumb Code     0  startup_stm32f10x_md.o(.text)
    RCC_IRQHandler                           0x080051db   Thumb Code     0  startup_stm32f10x_md.o(.text)
    RTCAlarm_IRQHandler                      0x080051db   Thumb Code     0  startup_stm32f10x_md.o(.text)
    SPI1_IRQHandler                          0x080051db   Thumb Code     0  startup_stm32f10x_md.o(.text)
    SPI2_IRQHandler                          0x080051db   Thumb Code     0  startup_stm32f10x_md.o(.text)
    TAMPER_IRQHandler                        0x080051db   Thumb Code     0  startup_stm32f10x_md.o(.text)
    TIM1_BRK_IRQHandler                      0x080051db   Thumb Code     0  startup_stm32f10x_md.o(.text)
    TIM1_TRG_COM_IRQHandler                  0x080051db   Thumb Code     0  startup_stm32f10x_md.o(.text)
    TIM1_UP_IRQHandler                       0x080051db   Thumb Code     0  startup_stm32f10x_md.o(.text)
    TIM2_IRQHandler                          0x080051db   Thumb Code     0  startup_stm32f10x_md.o(.text)
    TIM3_IRQHandler                          0x080051db   Thumb Code     0  startup_stm32f10x_md.o(.text)
    TIM4_IRQHandler                          0x080051db   Thumb Code     0  startup_stm32f10x_md.o(.text)
    USART3_IRQHandler                        0x080051db   Thumb Code     0  startup_stm32f10x_md.o(.text)
    USBWakeUp_IRQHandler                     0x080051db   Thumb Code     0  startup_stm32f10x_md.o(.text)
    USB_HP_CAN1_TX_IRQHandler                0x080051db   Thumb Code     0  startup_stm32f10x_md.o(.text)
    USB_LP_CAN1_RX0_IRQHandler               0x080051db   Thumb Code     0  startup_stm32f10x_md.o(.text)
    WWDG_IRQHandler                          0x080051db   Thumb Code     0  startup_stm32f10x_md.o(.text)
    __user_initial_stackheap                 0x080051dd   Thumb Code     0  startup_stm32f10x_md.o(.text)
    SystemInit                               0x080052df   Thumb Code    78  system_stm32f10x.o(.text)
    SystemCoreClockUpdate                    0x0800532d   Thumb Code   142  system_stm32f10x.o(.text)
    __c89vsprintf                            0x080053e1   Thumb Code    32  c89vsprintf.o(.text)
    memcmp                                   0x08005405   Thumb Code    88  memcmp.o(.text)
    __aeabi_memcpy                           0x0800545d   Thumb Code     0  rt_memcpy_v6.o(.text)
    __rt_memcpy                              0x0800545d   Thumb Code   138  rt_memcpy_v6.o(.text)
    _memcpy_lastbytes                        0x080054c3   Thumb Code     0  rt_memcpy_v6.o(.text)
    __aeabi_memcpy4                          0x080054e7   Thumb Code     0  rt_memcpy_w.o(.text)
    __aeabi_memcpy8                          0x080054e7   Thumb Code     0  rt_memcpy_w.o(.text)
    __rt_memcpy_w                            0x080054e7   Thumb Code   100  rt_memcpy_w.o(.text)
    _memcpy_lastbytes_aligned                0x0800552f   Thumb Code     0  rt_memcpy_w.o(.text)
    __use_two_region_memory                  0x0800554b   Thumb Code     2  heapauxi.o(.text)
    __rt_heap_escrow$2region                 0x0800554d   Thumb Code     2  heapauxi.o(.text)
    __rt_heap_expand$2region                 0x0800554f   Thumb Code     2  heapauxi.o(.text)
    _printf_pre_padding                      0x08005551   Thumb Code    44  _printf_pad.o(.text)
    _printf_post_padding                     0x0800557d   Thumb Code    34  _printf_pad.o(.text)
    _printf_truncate_signed                  0x0800559f   Thumb Code    18  _printf_truncate.o(.text)
    _printf_truncate_unsigned                0x080055b1   Thumb Code    18  _printf_truncate.o(.text)
    _printf_str                              0x080055c3   Thumb Code    82  _printf_str.o(.text)
    _printf_int_dec                          0x08005615   Thumb Code   104  _printf_dec.o(.text)
    _printf_charcount                        0x0800568d   Thumb Code    40  _printf_charcount.o(.text)
    _printf_char_common                      0x080056bf   Thumb Code    32  _printf_char_common.o(.text)
    _sputc                                   0x080056e5   Thumb Code    10  _sputc.o(.text)
    _printf_wctomb                           0x080056f1   Thumb Code   182  _printf_wctomb.o(.text)
    _printf_longlong_dec                     0x080057ad   Thumb Code   108  _printf_longlong_dec.o(.text)
    _printf_longlong_oct                     0x08005829   Thumb Code    66  _printf_oct_int_ll.o(.text)
    _printf_int_oct                          0x0800586b   Thumb Code    24  _printf_oct_int_ll.o(.text)
    _printf_ll_oct                           0x08005883   Thumb Code    12  _printf_oct_int_ll.o(.text)
    _printf_longlong_hex                     0x08005899   Thumb Code    86  _printf_hex_int_ll_ptr.o(.text)
    _printf_int_hex                          0x080058ef   Thumb Code    28  _printf_hex_int_ll_ptr.o(.text)
    _printf_ll_hex                           0x0800590b   Thumb Code    12  _printf_hex_int_ll_ptr.o(.text)
    _printf_hex_ptr                          0x08005917   Thumb Code    18  _printf_hex_int_ll_ptr.o(.text)
    __printf                                 0x0800592d   Thumb Code   388  __printf_flags_ss_wp.o(.text)
    _ll_udiv10                               0x08005ab5   Thumb Code   138  lludiv10.o(.text)
    _printf_int_common                       0x08005b3f   Thumb Code   178  _printf_intcommon.o(.text)
    __lib_sel_fp_printf                      0x08005bf1   Thumb Code     2  _printf_fp_dec.o(.text)
    _printf_fp_dec_real                      0x08005da3   Thumb Code   620  _printf_fp_dec.o(.text)
    _printf_cs_common                        0x0800600f   Thumb Code    20  _printf_char.o(.text)
    _printf_char                             0x08006023   Thumb Code    16  _printf_char.o(.text)
    _printf_string                           0x08006033   Thumb Code     8  _printf_char.o(.text)
    _printf_lcs_common                       0x0800603b   Thumb Code    20  _printf_wchar.o(.text)
    _printf_wchar                            0x0800604f   Thumb Code    16  _printf_wchar.o(.text)
    _printf_wstring                          0x0800605f   Thumb Code     8  _printf_wchar.o(.text)
    _wcrtomb                                 0x08006067   Thumb Code    64  _wcrtomb.o(.text)
    __user_setup_stackheap                   0x080060a7   Thumb Code    74  sys_stackheap_outer.o(.text)
    __rt_ctype_table                         0x080060f1   Thumb Code    16  rt_ctype_table.o(.text)
    __rt_locale                              0x08006101   Thumb Code     8  rt_locale_intlibspace.o(.text)
    _printf_fp_infnan                        0x08006109   Thumb Code   112  _printf_fp_infnan.o(.text)
    _btod_etento                             0x08006189   Thumb Code   224  bigflt0.o(.text)
    exit                                     0x0800626d   Thumb Code    18  exit.o(.text)
    __user_libspace                          0x08006281   Thumb Code     8  libspace.o(.text)
    __user_perproc_libspace                  0x08006281   Thumb Code     0  libspace.o(.text)
    __user_perthread_libspace                0x08006281   Thumb Code     0  libspace.o(.text)
    strcmp                                   0x08006289   Thumb Code   128  strcmpv7m.o(.text)
    _sys_exit                                0x08006309   Thumb Code     8  sys_exit.o(.text)
    __I$use$semihosting                      0x08006315   Thumb Code     0  use_no_semi.o(.text)
    __use_no_semihosting_swi                 0x08006315   Thumb Code     2  use_no_semi.o(.text)
    __semihosting_library_function           0x08006317   Thumb Code     0  indicate_semi.o(.text)
    _btod_d2e                                0x08006317   Thumb Code    62  btod.o(CL$$btod_d2e)
    _d2e_denorm_low                          0x08006355   Thumb Code    70  btod.o(CL$$btod_d2e_denorm_low)
    _d2e_norm_op1                            0x0800639b   Thumb Code    96  btod.o(CL$$btod_d2e_norm_op1)
    __btod_div_common                        0x080063fb   Thumb Code   696  btod.o(CL$$btod_div_common)
    _e2e                                     0x08006733   Thumb Code   220  btod.o(CL$$btod_e2e)
    _btod_ediv                               0x0800680f   Thumb Code    42  btod.o(CL$$btod_ediv)
    _btod_emul                               0x08006839   Thumb Code    42  btod.o(CL$$btod_emul)
    __btod_mult_common                       0x08006863   Thumb Code   580  btod.o(CL$$btod_mult_common)
    __ARM_fpclassify                         0x08006aa7   Thumb Code    40  fpclassify.o(i.__ARM_fpclassify)
    _is_digit                                0x08006acf   Thumb Code    14  __printf_wp.o(i._is_digit)
    _get_lc_numeric                          0x08006add   Thumb Code    44  lc_numeric_c.o(locale$$code)
    _get_lc_ctype                            0x08006b09   Thumb Code    44  lc_ctype_c.o(locale$$code)
    __aeabi_dadd                             0x08006b35   Thumb Code     0  daddsub_clz.o(x$fpl$dadd)
    _dadd                                    0x08006b35   Thumb Code   332  daddsub_clz.o(x$fpl$dadd)
    __fpl_dcmp_Inf                           0x08006c85   Thumb Code    24  dcmpi.o(x$fpl$dcmpinf)
    __aeabi_ddiv                             0x08006c9d   Thumb Code     0  ddiv.o(x$fpl$ddiv)
    _ddiv                                    0x08006c9d   Thumb Code   552  ddiv.o(x$fpl$ddiv)
    __aeabi_d2uiz                            0x08006f4d   Thumb Code     0  dfixu.o(x$fpl$dfixu)
    _dfixu                                   0x08006f4d   Thumb Code    90  dfixu.o(x$fpl$dfixu)
    __aeabi_ui2d                             0x08006fa7   Thumb Code     0  dflt_clz.o(x$fpl$dfltu)
    _dfltu                                   0x08006fa7   Thumb Code    38  dflt_clz.o(x$fpl$dfltu)
    __aeabi_cdcmple                          0x08006fcd   Thumb Code     0  dleqf.o(x$fpl$dleqf)
    _dcmple                                  0x08006fcd   Thumb Code   120  dleqf.o(x$fpl$dleqf)
    __fpl_dcmple_InfNaN                      0x0800702f   Thumb Code     0  dleqf.o(x$fpl$dleqf)
    __fpl_dnaninf                            0x08007045   Thumb Code   156  dnaninf.o(x$fpl$dnaninf)
    __fpl_dretinf                            0x080070e1   Thumb Code    12  dretinf.o(x$fpl$dretinf)
    __aeabi_dsub                             0x080070ed   Thumb Code     0  daddsub_clz.o(x$fpl$dsub)
    _dsub                                    0x080070ed   Thumb Code   464  daddsub_clz.o(x$fpl$dsub)
    __aeabi_fdiv                             0x080072c1   Thumb Code     0  fdiv.o(x$fpl$fdiv)
    _fdiv                                    0x080072c1   Thumb Code   384  fdiv.o(x$fpl$fdiv)
    __aeabi_f2iz                             0x08007445   Thumb Code     0  ffix.o(x$fpl$ffix)
    _ffix                                    0x08007445   Thumb Code    54  ffix.o(x$fpl$ffix)
    __aeabi_ui2f                             0x0800747d   Thumb Code     0  fflt_clz.o(x$fpl$ffltu)
    _ffltu                                   0x0800747d   Thumb Code    38  fflt_clz.o(x$fpl$ffltu)
    __aeabi_fmul                             0x080074a5   Thumb Code     0  fmul.o(x$fpl$fmul)
    _fmul                                    0x080074a5   Thumb Code   258  fmul.o(x$fpl$fmul)
    __fpl_fnaninf                            0x080075a7   Thumb Code   140  fnaninf.o(x$fpl$fnaninf)
    __fpl_fretinf                            0x08007633   Thumb Code    10  fretinf.o(x$fpl$fretinf)
    _printf_fp_dec                           0x0800763d   Thumb Code     4  printf1.o(x$fpl$printf1)
    __I$use$fp                               0x08007640   Number         0  usenofp.o(x$fpl$usenofp)
    Region$$Table$$Base                      0x08007734   Number         0  anon$$obj.o(Region$$Table)
    Region$$Table$$Limit                     0x08007754   Number         0  anon$$obj.o(Region$$Table)
    __ctype                                  0x0800777d   Data           0  lc_ctype_c.o(locale$$data)
    IR_CMD                                   0x20000014   Data           4  stm32f10x_it.o(.data)
    Addr                                     0x2000001c   Data           2  24c02.o(.data)
    I2C_ReadFn                               0x20000020   Data           4  lightdmx.o(.data)
    I2C_WriteFn                              0x20000024   Data           4  lightdmx.o(.data)
    LightDMXConfigFn                         0x20000028   Data           4  lightdmx.o(.data)
    OutputDMXFn                              0x2000002c   Data           4  lightdmx.o(.data)
    pxCurrentTCB                             0x20000030   Data           4  tasks.o(.data)
    xDMX_Queue                               0x2000009c   Data           4  main_task.o(.data)
    xIRTimeOutTimer                          0x200000a0   Data           4  main_task.o(.data)
    SystemCoreClock                          0x200000b8   Data           4  system_stm32f10x.o(.data)
    AHBPrescTable                            0x200000bc   Data          16  system_stm32f10x.o(.data)
    WriteBuffer                              0x200000cc   Data        3000  24c02.o(.bss)
    ReadBuffer                               0x20000c84   Data        3000  24c02.o(.bss)
    lightDMX_data                            0x2000183c   Data          14  lightdmx.o(.bss)
    __libspace_start                         0x20002d48   Data          96  libspace.o(.bss)
    __temporary_stack_top$libspace           0x20002da8   Data           0  libspace.o(.bss)



==============================================================================

Memory Map of the image

  Image Entry point : 0x080000ed

  Load Region LR_IROM1 (Base: 0x08000000, Size: 0x0000794c, Max: 0x00010000, ABSOLUTE)

    Execution Region ER_IROM1 (Exec base: 0x08000000, Load base: 0x08000000, Size: 0x00007880, Max: 0x00010000, ABSOLUTE)

    Exec Addr    Load Addr    Size         Type   Attr      Idx    E Section Name        Object

    0x08000000   0x08000000   0x000000ec   Data   RO          905    RESET               startup_stm32f10x_md.o
    0x080000ec   0x080000ec   0x00000008   Code   RO          952  * !!!main             c_w.l(__main.o)
    0x080000f4   0x080000f4   0x00000034   Code   RO         1314    !!!scatter          c_w.l(__scatter.o)
    0x08000128   0x08000128   0x0000001a   Code   RO         1316    !!handler_copy      c_w.l(__scatter_copy.o)
    0x08000142   0x08000142   0x00000002   PAD
    0x08000144   0x08000144   0x0000001c   Code   RO         1318    !!handler_zi        c_w.l(__scatter_zi.o)
    0x08000160   0x08000160   0x00000000   Code   RO         1074    .ARM.Collect$$_printf_percent$$00000000  c_w.l(_printf_percent.o)
    0x08000160   0x08000160   0x00000006   Code   RO         1063    .ARM.Collect$$_printf_percent$$00000001  c_w.l(_printf_n.o)
    0x08000166   0x08000166   0x00000006   Code   RO         1065    .ARM.Collect$$_printf_percent$$00000002  c_w.l(_printf_p.o)
    0x0800016c   0x0800016c   0x00000006   Code   RO         1070    .ARM.Collect$$_printf_percent$$00000003  c_w.l(_printf_f.o)
    0x08000172   0x08000172   0x00000006   Code   RO         1071    .ARM.Collect$$_printf_percent$$00000004  c_w.l(_printf_e.o)
    0x08000178   0x08000178   0x00000006   Code   RO         1072    .ARM.Collect$$_printf_percent$$00000005  c_w.l(_printf_g.o)
    0x0800017e   0x0800017e   0x00000006   Code   RO         1073    .ARM.Collect$$_printf_percent$$00000006  c_w.l(_printf_a.o)
    0x08000184   0x08000184   0x0000000a   Code   RO         1078    .ARM.Collect$$_printf_percent$$00000007  c_w.l(_printf_ll.o)
    0x0800018e   0x0800018e   0x00000006   Code   RO         1067    .ARM.Collect$$_printf_percent$$00000008  c_w.l(_printf_i.o)
    0x08000194   0x08000194   0x00000006   Code   RO         1068    .ARM.Collect$$_printf_percent$$00000009  c_w.l(_printf_d.o)
    0x0800019a   0x0800019a   0x00000006   Code   RO         1069    .ARM.Collect$$_printf_percent$$0000000A  c_w.l(_printf_u.o)
    0x080001a0   0x080001a0   0x00000006   Code   RO         1066    .ARM.Collect$$_printf_percent$$0000000B  c_w.l(_printf_o.o)
    0x080001a6   0x080001a6   0x00000006   Code   RO         1064    .ARM.Collect$$_printf_percent$$0000000C  c_w.l(_printf_x.o)
    0x080001ac   0x080001ac   0x00000006   Code   RO         1075    .ARM.Collect$$_printf_percent$$0000000D  c_w.l(_printf_lli.o)
    0x080001b2   0x080001b2   0x00000006   Code   RO         1076    .ARM.Collect$$_printf_percent$$0000000E  c_w.l(_printf_lld.o)
    0x080001b8   0x080001b8   0x00000006   Code   RO         1077    .ARM.Collect$$_printf_percent$$0000000F  c_w.l(_printf_llu.o)
    0x080001be   0x080001be   0x00000006   Code   RO         1082    .ARM.Collect$$_printf_percent$$00000010  c_w.l(_printf_llo.o)
    0x080001c4   0x080001c4   0x00000006   Code   RO         1083    .ARM.Collect$$_printf_percent$$00000011  c_w.l(_printf_llx.o)
    0x080001ca   0x080001ca   0x0000000a   Code   RO         1079    .ARM.Collect$$_printf_percent$$00000012  c_w.l(_printf_l.o)
    0x080001d4   0x080001d4   0x00000006   Code   RO         1061    .ARM.Collect$$_printf_percent$$00000013  c_w.l(_printf_c.o)
    0x080001da   0x080001da   0x00000006   Code   RO         1062    .ARM.Collect$$_printf_percent$$00000014  c_w.l(_printf_s.o)
    0x080001e0   0x080001e0   0x00000006   Code   RO         1080    .ARM.Collect$$_printf_percent$$00000015  c_w.l(_printf_lc.o)
    0x080001e6   0x080001e6   0x00000006   Code   RO         1081    .ARM.Collect$$_printf_percent$$00000016  c_w.l(_printf_ls.o)
    0x080001ec   0x080001ec   0x00000004   Code   RO         1124    .ARM.Collect$$_printf_percent$$00000017  c_w.l(_printf_percent_end.o)
    0x080001f0   0x080001f0   0x00000002   Code   RO         1173    .ARM.Collect$$libinit$$00000000  c_w.l(libinit.o)
    0x080001f2   0x080001f2   0x00000000   Code   RO         1189    .ARM.Collect$$libinit$$00000002  c_w.l(libinit2.o)
    0x080001f2   0x080001f2   0x00000000   Code   RO         1191    .ARM.Collect$$libinit$$00000004  c_w.l(libinit2.o)
    0x080001f2   0x080001f2   0x00000000   Code   RO         1194    .ARM.Collect$$libinit$$0000000A  c_w.l(libinit2.o)
    0x080001f2   0x080001f2   0x00000000   Code   RO         1196    .ARM.Collect$$libinit$$0000000C  c_w.l(libinit2.o)
    0x080001f2   0x080001f2   0x00000000   Code   RO         1198    .ARM.Collect$$libinit$$0000000E  c_w.l(libinit2.o)
    0x080001f2   0x080001f2   0x00000006   Code   RO         1199    .ARM.Collect$$libinit$$0000000F  c_w.l(libinit2.o)
    0x080001f8   0x080001f8   0x00000000   Code   RO         1201    .ARM.Collect$$libinit$$00000011  c_w.l(libinit2.o)
    0x080001f8   0x080001f8   0x0000000c   Code   RO         1202    .ARM.Collect$$libinit$$00000012  c_w.l(libinit2.o)
    0x08000204   0x08000204   0x00000000   Code   RO         1203    .ARM.Collect$$libinit$$00000013  c_w.l(libinit2.o)
    0x08000204   0x08000204   0x00000000   Code   RO         1205    .ARM.Collect$$libinit$$00000015  c_w.l(libinit2.o)
    0x08000204   0x08000204   0x0000000a   Code   RO         1206    .ARM.Collect$$libinit$$00000016  c_w.l(libinit2.o)
    0x0800020e   0x0800020e   0x00000000   Code   RO         1207    .ARM.Collect$$libinit$$00000017  c_w.l(libinit2.o)
    0x0800020e   0x0800020e   0x00000000   Code   RO         1209    .ARM.Collect$$libinit$$00000019  c_w.l(libinit2.o)
    0x0800020e   0x0800020e   0x00000000   Code   RO         1211    .ARM.Collect$$libinit$$0000001B  c_w.l(libinit2.o)
    0x0800020e   0x0800020e   0x00000000   Code   RO         1213    .ARM.Collect$$libinit$$0000001D  c_w.l(libinit2.o)
    0x0800020e   0x0800020e   0x00000000   Code   RO         1215    .ARM.Collect$$libinit$$0000001F  c_w.l(libinit2.o)
    0x0800020e   0x0800020e   0x00000000   Code   RO         1217    .ARM.Collect$$libinit$$00000021  c_w.l(libinit2.o)
    0x0800020e   0x0800020e   0x00000000   Code   RO         1219    .ARM.Collect$$libinit$$00000023  c_w.l(libinit2.o)
    0x0800020e   0x0800020e   0x00000000   Code   RO         1221    .ARM.Collect$$libinit$$00000025  c_w.l(libinit2.o)
    0x0800020e   0x0800020e   0x00000000   Code   RO         1225    .ARM.Collect$$libinit$$0000002C  c_w.l(libinit2.o)
    0x0800020e   0x0800020e   0x00000000   Code   RO         1227    .ARM.Collect$$libinit$$0000002E  c_w.l(libinit2.o)
    0x0800020e   0x0800020e   0x00000000   Code   RO         1229    .ARM.Collect$$libinit$$00000030  c_w.l(libinit2.o)
    0x0800020e   0x0800020e   0x00000000   Code   RO         1231    .ARM.Collect$$libinit$$00000032  c_w.l(libinit2.o)
    0x0800020e   0x0800020e   0x00000002   Code   RO         1232    .ARM.Collect$$libinit$$00000033  c_w.l(libinit2.o)
    0x08000210   0x08000210   0x00000002   Code   RO         1252    .ARM.Collect$$libshutdown$$00000000  c_w.l(libshutdown.o)
    0x08000212   0x08000212   0x00000000   Code   RO         1265    .ARM.Collect$$libshutdown$$00000002  c_w.l(libshutdown2.o)
    0x08000212   0x08000212   0x00000000   Code   RO         1267    .ARM.Collect$$libshutdown$$00000004  c_w.l(libshutdown2.o)
    0x08000212   0x08000212   0x00000000   Code   RO         1269    .ARM.Collect$$libshutdown$$00000006  c_w.l(libshutdown2.o)
    0x08000212   0x08000212   0x00000000   Code   RO         1272    .ARM.Collect$$libshutdown$$00000009  c_w.l(libshutdown2.o)
    0x08000212   0x08000212   0x00000000   Code   RO         1275    .ARM.Collect$$libshutdown$$0000000C  c_w.l(libshutdown2.o)
    0x08000212   0x08000212   0x00000000   Code   RO         1277    .ARM.Collect$$libshutdown$$0000000E  c_w.l(libshutdown2.o)
    0x08000212   0x08000212   0x00000000   Code   RO         1280    .ARM.Collect$$libshutdown$$00000011  c_w.l(libshutdown2.o)
    0x08000212   0x08000212   0x00000002   Code   RO         1281    .ARM.Collect$$libshutdown$$00000012  c_w.l(libshutdown2.o)
    0x08000214   0x08000214   0x00000000   Code   RO          992    .ARM.Collect$$rtentry$$00000000  c_w.l(__rtentry.o)
    0x08000214   0x08000214   0x00000000   Code   RO         1098    .ARM.Collect$$rtentry$$00000002  c_w.l(__rtentry2.o)
    0x08000214   0x08000214   0x00000006   Code   RO         1110    .ARM.Collect$$rtentry$$00000004  c_w.l(__rtentry4.o)
    0x0800021a   0x0800021a   0x00000000   Code   RO         1100    .ARM.Collect$$rtentry$$00000009  c_w.l(__rtentry2.o)
    0x0800021a   0x0800021a   0x00000004   Code   RO         1101    .ARM.Collect$$rtentry$$0000000A  c_w.l(__rtentry2.o)
    0x0800021e   0x0800021e   0x00000000   Code   RO         1103    .ARM.Collect$$rtentry$$0000000C  c_w.l(__rtentry2.o)
    0x0800021e   0x0800021e   0x00000008   Code   RO         1104    .ARM.Collect$$rtentry$$0000000D  c_w.l(__rtentry2.o)
    0x08000226   0x08000226   0x00000002   Code   RO         1181    .ARM.Collect$$rtexit$$00000000  c_w.l(rtexit.o)
    0x08000228   0x08000228   0x00000000   Code   RO         1234    .ARM.Collect$$rtexit$$00000002  c_w.l(rtexit2.o)
    0x08000228   0x08000228   0x00000004   Code   RO         1235    .ARM.Collect$$rtexit$$00000003  c_w.l(rtexit2.o)
    0x0800022c   0x0800022c   0x00000006   Code   RO         1236    .ARM.Collect$$rtexit$$00000004  c_w.l(rtexit2.o)
    0x08000232   0x08000232   0x00000002   PAD
    0x08000234   0x08000234   0x00000096   Code   RO          557    .emb_text           port.o
    0x080002ca   0x080002ca   0x00000002   PAD
    0x080002cc   0x080002cc   0x0000006c   Code   RO            4    .text               main.o
    0x08000338   0x08000338   0x00000258   Code   RO          168    .text               stm32f10x_it.o
    0x08000590   0x08000590   0x000003e8   Code   RO          250    .text               24c02.o
    0x08000978   0x08000978   0x000004b8   Code   RO          291    .text               lightdmx.o
    0x08000e30   0x08000e30   0x000000fc   Code   RO          331    .text               pwm.o
    0x08000f2c   0x08000f2c   0x000001d8   Code   RO          358    .text               dmx512_rec.o
    0x08001104   0x08001104   0x000000c8   Code   RO          387    .text               serial_tracer.o
    0x080011cc   0x080011cc   0x00000164   Code   RO          418    .text               irda.o
    0x08001330   0x08001330   0x00000094   Code   RO          484    .text               list.o
    0x080013c4   0x080013c4   0x000006e8   Code   RO          496    .text               queue.o
    0x08001aac   0x08001aac   0x00000fe4   Code   RO          511    .text               tasks.o
    0x08002a90   0x08002a90   0x0000044c   Code   RO          542    .text               timers.o
    0x08002edc   0x08002edc   0x000000e8   Code   RO          558    .text               port.o
    0x08002fc4   0x08002fc4   0x000001e4   Code   RO          587    .text               heap_4.o
    0x080031a8   0x080031a8   0x000000cc   Code   RO          605    .text               main_task.o
    0x08003274   0x08003274   0x000000dc   Code   RO          640    .text               misc.o
    0x08003350   0x08003350   0x0000035c   Code   RO          736    .text               stm32f10x_gpio.o
    0x080036ac   0x080036ac   0x00000404   Code   RO          760    .text               stm32f10x_i2c.o
    0x08003ab0   0x08003ab0   0x000003a4   Code   RO          808    .text               stm32f10x_rcc.o
    0x08003e54   0x08003e54   0x00000148   Code   RO          834    .text               stm32f10x_rtc.o
    0x08003f9c   0x08003f9c   0x00000e1a   Code   RO          858    .text               stm32f10x_tim.o
    0x08004db6   0x08004db6   0x00000002   PAD
    0x08004db8   0x08004db8   0x00000408   Code   RO          882    .text               stm32f10x_usart.o
    0x080051c0   0x080051c0   0x00000040   Code   RO          906    .text               startup_stm32f10x_md.o
    0x08005200   0x08005200   0x000001e0   Code   RO          913    .text               system_stm32f10x.o
    0x080053e0   0x080053e0   0x00000024   Code   RO          942    .text               c_w.l(c89vsprintf.o)
    0x08005404   0x08005404   0x00000058   Code   RO          944    .text               c_w.l(memcmp.o)
    0x0800545c   0x0800545c   0x0000008a   Code   RO          946    .text               c_w.l(rt_memcpy_v6.o)
    0x080054e6   0x080054e6   0x00000064   Code   RO          948    .text               c_w.l(rt_memcpy_w.o)
    0x0800554a   0x0800554a   0x00000006   Code   RO          950    .text               c_w.l(heapauxi.o)
    0x08005550   0x08005550   0x0000004e   Code   RO          995    .text               c_w.l(_printf_pad.o)
    0x0800559e   0x0800559e   0x00000024   Code   RO          997    .text               c_w.l(_printf_truncate.o)
    0x080055c2   0x080055c2   0x00000052   Code   RO          999    .text               c_w.l(_printf_str.o)
    0x08005614   0x08005614   0x00000078   Code   RO         1001    .text               c_w.l(_printf_dec.o)
    0x0800568c   0x0800568c   0x00000028   Code   RO         1003    .text               c_w.l(_printf_charcount.o)
    0x080056b4   0x080056b4   0x00000030   Code   RO         1005    .text               c_w.l(_printf_char_common.o)
    0x080056e4   0x080056e4   0x0000000a   Code   RO         1007    .text               c_w.l(_sputc.o)
    0x080056ee   0x080056ee   0x00000002   PAD
    0x080056f0   0x080056f0   0x000000bc   Code   RO         1009    .text               c_w.l(_printf_wctomb.o)
    0x080057ac   0x080057ac   0x0000007c   Code   RO         1012    .text               c_w.l(_printf_longlong_dec.o)
    0x08005828   0x08005828   0x00000070   Code   RO         1018    .text               c_w.l(_printf_oct_int_ll.o)
    0x08005898   0x08005898   0x00000094   Code   RO         1038    .text               c_w.l(_printf_hex_int_ll_ptr.o)
    0x0800592c   0x0800592c   0x00000188   Code   RO         1058    .text               c_w.l(__printf_flags_ss_wp.o)
    0x08005ab4   0x08005ab4   0x0000008a   Code   RO         1112    .text               c_w.l(lludiv10.o)
    0x08005b3e   0x08005b3e   0x000000b2   Code   RO         1114    .text               c_w.l(_printf_intcommon.o)
    0x08005bf0   0x08005bf0   0x0000041e   Code   RO         1116    .text               c_w.l(_printf_fp_dec.o)
    0x0800600e   0x0800600e   0x0000002c   Code   RO         1120    .text               c_w.l(_printf_char.o)
    0x0800603a   0x0800603a   0x0000002c   Code   RO         1122    .text               c_w.l(_printf_wchar.o)
    0x08006066   0x08006066   0x00000040   Code   RO         1125    .text               c_w.l(_wcrtomb.o)
    0x080060a6   0x080060a6   0x0000004a   Code   RO         1127    .text               c_w.l(sys_stackheap_outer.o)
    0x080060f0   0x080060f0   0x00000010   Code   RO         1129    .text               c_w.l(rt_ctype_table.o)
    0x08006100   0x08006100   0x00000008   Code   RO         1134    .text               c_w.l(rt_locale_intlibspace.o)
    0x08006108   0x08006108   0x00000080   Code   RO         1136    .text               c_w.l(_printf_fp_infnan.o)
    0x08006188   0x08006188   0x000000e4   Code   RO         1138    .text               c_w.l(bigflt0.o)
    0x0800626c   0x0800626c   0x00000012   Code   RO         1166    .text               c_w.l(exit.o)
    0x0800627e   0x0800627e   0x00000002   PAD
    0x08006280   0x08006280   0x00000008   Code   RO         1178    .text               c_w.l(libspace.o)
    0x08006288   0x08006288   0x00000080   Code   RO         1186    .text               c_w.l(strcmpv7m.o)
    0x08006308   0x08006308   0x0000000c   Code   RO         1244    .text               c_w.l(sys_exit.o)
    0x08006314   0x08006314   0x00000002   Code   RO         1255    .text               c_w.l(use_no_semi.o)
    0x08006316   0x08006316   0x00000000   Code   RO         1257    .text               c_w.l(indicate_semi.o)
    0x08006316   0x08006316   0x0000003e   Code   RO         1141    CL$$btod_d2e        c_w.l(btod.o)
    0x08006354   0x08006354   0x00000046   Code   RO         1143    CL$$btod_d2e_denorm_low  c_w.l(btod.o)
    0x0800639a   0x0800639a   0x00000060   Code   RO         1142    CL$$btod_d2e_norm_op1  c_w.l(btod.o)
    0x080063fa   0x080063fa   0x00000338   Code   RO         1151    CL$$btod_div_common  c_w.l(btod.o)
    0x08006732   0x08006732   0x000000dc   Code   RO         1148    CL$$btod_e2e        c_w.l(btod.o)
    0x0800680e   0x0800680e   0x0000002a   Code   RO         1145    CL$$btod_ediv       c_w.l(btod.o)
    0x08006838   0x08006838   0x0000002a   Code   RO         1144    CL$$btod_emul       c_w.l(btod.o)
    0x08006862   0x08006862   0x00000244   Code   RO         1150    CL$$btod_mult_common  c_w.l(btod.o)
    0x08006aa6   0x08006aa6   0x00000028   Code   RO         1176    i.__ARM_fpclassify  m_ws.l(fpclassify.o)
    0x08006ace   0x08006ace   0x0000000e   Code   RO         1051    i._is_digit         c_w.l(__printf_wp.o)
    0x08006adc   0x08006adc   0x0000002c   Code   RO         1164    locale$$code        c_w.l(lc_numeric_c.o)
    0x08006b08   0x08006b08   0x0000002c   Code   RO         1184    locale$$code        c_w.l(lc_ctype_c.o)
    0x08006b34   0x08006b34   0x00000150   Code   RO          954    x$fpl$dadd          fz_ws.l(daddsub_clz.o)
    0x08006c84   0x08006c84   0x00000018   Code   RO         1084    x$fpl$dcmpinf       fz_ws.l(dcmpi.o)
    0x08006c9c   0x08006c9c   0x000002b0   Code   RO          961    x$fpl$ddiv          fz_ws.l(ddiv.o)
    0x08006f4c   0x08006f4c   0x0000005a   Code   RO          964    x$fpl$dfixu         fz_ws.l(dfixu.o)
    0x08006fa6   0x08006fa6   0x00000026   Code   RO          968    x$fpl$dfltu         fz_ws.l(dflt_clz.o)
    0x08006fcc   0x08006fcc   0x00000078   Code   RO          974    x$fpl$dleqf         fz_ws.l(dleqf.o)
    0x08007044   0x08007044   0x0000009c   Code   RO         1086    x$fpl$dnaninf       fz_ws.l(dnaninf.o)
    0x080070e0   0x080070e0   0x0000000c   Code   RO         1088    x$fpl$dretinf       fz_ws.l(dretinf.o)
    0x080070ec   0x080070ec   0x000001d4   Code   RO          956    x$fpl$dsub          fz_ws.l(daddsub_clz.o)
    0x080072c0   0x080072c0   0x00000184   Code   RO          977    x$fpl$fdiv          fz_ws.l(fdiv.o)
    0x08007444   0x08007444   0x00000036   Code   RO          980    x$fpl$ffix          fz_ws.l(ffix.o)
    0x0800747a   0x0800747a   0x00000002   PAD
    0x0800747c   0x0800747c   0x00000026   Code   RO          984    x$fpl$ffltu         fz_ws.l(fflt_clz.o)
    0x080074a2   0x080074a2   0x00000002   PAD
    0x080074a4   0x080074a4   0x00000102   Code   RO          990    x$fpl$fmul          fz_ws.l(fmul.o)
    0x080075a6   0x080075a6   0x0000008c   Code   RO         1090    x$fpl$fnaninf       fz_ws.l(fnaninf.o)
    0x08007632   0x08007632   0x0000000a   Code   RO         1092    x$fpl$fretinf       fz_ws.l(fretinf.o)
    0x0800763c   0x0800763c   0x00000004   Code   RO         1094    x$fpl$printf1       fz_ws.l(printf1.o)
    0x08007640   0x08007640   0x00000000   Code   RO         1096    x$fpl$usenofp       fz_ws.l(usenofp.o)
    0x08007640   0x08007640   0x00000004   Data   RO          169    .constdata          stm32f10x_it.o
    0x08007644   0x08007644   0x00000015   Data   RO          293    .constdata          lightdmx.o
    0x08007659   0x08007659   0x00000003   PAD
    0x0800765c   0x0800765c   0x00000008   Data   RO         1010    .constdata          c_w.l(_printf_wctomb.o)
    0x08007664   0x08007664   0x00000028   Data   RO         1039    .constdata          c_w.l(_printf_hex_int_ll_ptr.o)
    0x0800768c   0x0800768c   0x00000011   Data   RO         1059    .constdata          c_w.l(__printf_flags_ss_wp.o)
    0x0800769d   0x0800769d   0x00000003   PAD
    0x080076a0   0x080076a0   0x00000094   Data   RO         1139    .constdata          c_w.l(bigflt0.o)
    0x08007734   0x08007734   0x00000020   Data   RO         1312    Region$$Table       anon$$obj.o
    0x08007754   0x08007754   0x0000001c   Data   RO         1163    locale$$data        c_w.l(lc_numeric_c.o)
    0x08007770   0x08007770   0x00000110   Data   RO         1183    locale$$data        c_w.l(lc_ctype_c.o)


    Execution Region RW_IRAM1 (Exec base: 0x20000000, Load base: 0x08007880, Size: 0x000033a8, Max: 0x00005000, ABSOLUTE)

    Exec Addr    Load Addr    Size         Type   Attr      Idx    E Section Name        Object

    0x20000000   0x08007880   0x0000001c   Data   RW          170    .data               stm32f10x_it.o
    0x2000001c   0x0800789c   0x00000002   Data   RW          252    .data               24c02.o
    0x2000001e   0x0800789e   0x00000002   PAD
    0x20000020   0x080078a0   0x00000010   Data   RW          294    .data               lightdmx.o
    0x20000030   0x080078b0   0x0000003c   Data   RW          513    .data               tasks.o
    0x2000006c   0x080078ec   0x00000014   Data   RW          544    .data               timers.o
    0x20000080   0x08007900   0x00000004   Data   RW          559    .data               port.o
    0x20000084   0x08007904   0x00000018   Data   RW          589    .data               heap_4.o
    0x2000009c   0x0800791c   0x00000008   Data   RW          606    .data               main_task.o
    0x200000a4   0x08007924   0x00000014   Data   RW          809    .data               stm32f10x_rcc.o
    0x200000b8   0x08007938   0x00000014   Data   RW          914    .data               system_stm32f10x.o
    0x200000cc        -       0x00001770   Zero   RW          251    .bss                24c02.o
    0x2000183c        -       0x0000000e   Zero   RW          292    .bss                lightdmx.o
    0x2000184a   0x0800794c   0x00000002   PAD
    0x2000184c        -       0x0000000c   Zero   RW          359    .bss                dmx512_rec.o
    0x20001858        -       0x000000c8   Zero   RW          512    .bss                tasks.o
    0x20001920        -       0x00000028   Zero   RW          543    .bss                timers.o
    0x20001948        -       0x00001400   Zero   RW          588    .bss                heap_4.o
    0x20002d48        -       0x00000060   Zero   RW         1179    .bss                c_w.l(libspace.o)
    0x20002da8        -       0x00000200   Zero   RW          904    HEAP                startup_stm32f10x_md.o
    0x20002fa8        -       0x00000400   Zero   RW          903    STACK               startup_stm32f10x_md.o


==============================================================================

Image component sizes


      Code (inc. data)   RO Data    RW Data    ZI Data      Debug   Object Name

      1000         84          0          2       6000       4117   24c02.o
       472         34          0          0         12       2014   dmx512_rec.o
         0          0          0          0          0       9456   event_groups.o
       484         24          0         24       5120       3320   heap_4.o
       356         10          0          0          0       1631   irda.o
      1208        230         21         16         14       5493   lightdmx.o
       148          0          0          0          0       1886   list.o
       108         14          0          0          0     303941   main.o
       204         90          0          8          0        949   main_task.o
       220         22          0          0          0       2005   misc.o
       382         26          0          4          0       7236   port.o
       252         22          0          0          0       1375   pwm.o
      1768          8          0          0          0      10949   queue.o
       200         10          0          0          0       2346   serial_tracer.o
        64         26        236          0       1536        876   startup_stm32f10x_md.o
       860         38          0          0          0       5941   stm32f10x_gpio.o
      1028         16          0          0          0       9431   stm32f10x_i2c.o
       600         70          4         28          0       4550   stm32f10x_it.o
       932         36          0         20          0       9120   stm32f10x_rcc.o
       328          4          0          0          0       2794   stm32f10x_rtc.o
      3610         88          0          0          0      23048   stm32f10x_tim.o
      1032         22          0          0          0       8660   stm32f10x_usart.o
       480         38          0         20          0       2035   system_stm32f10x.o
      4068        258          0         60        200      27538   tasks.o
      1100         56          0         20         40       7783   timers.o

    ----------------------------------------------------------------------
     20908       1226        296        204      12924     458494   Object Totals
         0          0         32          0          0          0   (incl. Generated)
         4          0          3          2          2          0   (incl. Padding)

    ----------------------------------------------------------------------

      Code (inc. data)   RO Data    RW Data    ZI Data      Debug   Library Member Name

         8          0          0          0          0         68   __main.o
       392          4         17          0          0         92   __printf_flags_ss_wp.o
        14          0          0          0          0         68   __printf_wp.o
         0          0          0          0          0          0   __rtentry.o
        12          0          0          0          0          0   __rtentry2.o
         6          0          0          0          0          0   __rtentry4.o
        52          8          0          0          0          0   __scatter.o
        26          0          0          0          0          0   __scatter_copy.o
        28          0          0          0          0          0   __scatter_zi.o
         6          0          0          0          0          0   _printf_a.o
         6          0          0          0          0          0   _printf_c.o
        44          0          0          0          0        108   _printf_char.o
        48          6          0          0          0         96   _printf_char_common.o
        40          0          0          0          0         68   _printf_charcount.o
         6          0          0          0          0          0   _printf_d.o
       120         16          0          0          0         92   _printf_dec.o
         6          0          0          0          0          0   _printf_e.o
         6          0          0          0          0          0   _printf_f.o
      1054          0          0          0          0        216   _printf_fp_dec.o
       128         16          0          0          0         84   _printf_fp_infnan.o
         6          0          0          0          0          0   _printf_g.o
       148          4         40          0          0        160   _printf_hex_int_ll_ptr.o
         6          0          0          0          0          0   _printf_i.o
       178          0          0          0          0         88   _printf_intcommon.o
        10          0          0          0          0          0   _printf_l.o
         6          0          0          0          0          0   _printf_lc.o
        10          0          0          0          0          0   _printf_ll.o
         6          0          0          0          0          0   _printf_lld.o
         6          0          0          0          0          0   _printf_lli.o
         6          0          0          0          0          0   _printf_llo.o
         6          0          0          0          0          0   _printf_llu.o
         6          0          0          0          0          0   _printf_llx.o
       124         16          0          0          0         92   _printf_longlong_dec.o
         6          0          0          0          0          0   _printf_ls.o
         6          0          0          0          0          0   _printf_n.o
         6          0          0          0          0          0   _printf_o.o
       112         10          0          0          0        124   _printf_oct_int_ll.o
         6          0          0          0          0          0   _printf_p.o
        78          0          0          0          0        108   _printf_pad.o
         0          0          0          0          0          0   _printf_percent.o
         4          0          0          0          0          0   _printf_percent_end.o
         6          0          0          0          0          0   _printf_s.o
        82          0          0          0          0         80   _printf_str.o
        36          0          0          0          0         84   _printf_truncate.o
         6          0          0          0          0          0   _printf_u.o
        44          0          0          0          0        108   _printf_wchar.o
       188          6          8          0          0         92   _printf_wctomb.o
         6          0          0          0          0          0   _printf_x.o
        10          0          0          0          0         68   _sputc.o
        64          0          0          0          0         92   _wcrtomb.o
       228          4        148          0          0         96   bigflt0.o
      1936        128          0          0          0        672   btod.o
        36          4          0          0          0         76   c89vsprintf.o
        18          0          0          0          0         80   exit.o
         6          0          0          0          0        152   heapauxi.o
         0          0          0          0          0          0   indicate_semi.o
        44         10        272          0          0         76   lc_ctype_c.o
        44         10         28          0          0         76   lc_numeric_c.o
         2          0          0          0          0          0   libinit.o
        30          0          0          0          0          0   libinit2.o
         2          0          0          0          0          0   libshutdown.o
         2          0          0          0          0          0   libshutdown2.o
         8          4          0          0         96         68   libspace.o
       138          0          0          0          0         80   lludiv10.o
        88          0          0          0          0         76   memcmp.o
        16          4          0          0          0         76   rt_ctype_table.o
         8          4          0          0          0         68   rt_locale_intlibspace.o
       138          0          0          0          0         68   rt_memcpy_v6.o
       100          0          0          0          0         80   rt_memcpy_w.o
         2          0          0          0          0          0   rtexit.o
        10          0          0          0          0          0   rtexit2.o
       128          0          0          0          0         68   strcmpv7m.o
        12          4          0          0          0         68   sys_exit.o
        74          0          0          0          0         80   sys_stackheap_outer.o
         2          0          0          0          0         68   use_no_semi.o
       804         16          0          0          0        272   daddsub_clz.o
        24          0          0          0          0         68   dcmpi.o
       688        140          0          0          0        208   ddiv.o
        90          4          0          0          0         92   dfixu.o
        38          0          0          0          0         68   dflt_clz.o
       120          4          0          0          0         92   dleqf.o
       156          4          0          0          0         92   dnaninf.o
        12          0          0          0          0         68   dretinf.o
       388         76          0          0          0         96   fdiv.o
        54          4          0          0          0         84   ffix.o
        38          0          0          0          0         68   fflt_clz.o
       258          4          0          0          0         84   fmul.o
       140          4          0          0          0         84   fnaninf.o
        10          0          0          0          0         68   fretinf.o
         4          0          0          0          0         68   printf1.o
         0          0          0          0          0          0   usenofp.o
        40          0          0          0          0         68   fpclassify.o

    ----------------------------------------------------------------------
      9128        514        516          0         96       5596   Library Totals
        12          0          3          0          0          0   (incl. Padding)

    ----------------------------------------------------------------------

      Code (inc. data)   RO Data    RW Data    ZI Data      Debug   Library Name

      6252        258        513          0         96       4016   c_w.l
      2824        256          0          0          0       1512   fz_ws.l
        40          0          0          0          0         68   m_ws.l

    ----------------------------------------------------------------------
      9128        514        516          0         96       5596   Library Totals

    ----------------------------------------------------------------------

==============================================================================


      Code (inc. data)   RO Data    RW Data    ZI Data      Debug   

     30036       1740        812        204      13020     458366   Grand Totals
     30036       1740        812        204      13020     458366   ELF Image Totals
     30036       1740        812        204          0          0   ROM Totals

==============================================================================

    Total RO  Size (Code + RO Data)                30848 (  30.13kB)
    Total RW  Size (RW Data + ZI Data)             13224 (  12.91kB)
    Total ROM Size (Code + RO Data + RW Data)      31052 (  30.32kB)

==============================================================================

